# Default string Default string
## note from Ben
this is the small Ace Magician system. Look it up on Amazon.

## System Information 

```
CPU: Intel(R) N100 (4) @ 3.40 GHz
GPU: Intel UHD Graphics @ 0.75 GHz [Integrated]
Memory: 11.47 GiB
```

## Geekbench 
```
Geekbench 6.4.0 Pro : https://www.geekbench.com/

System Information
  Operating System              SystemRescue 11.03
  Kernel                        Linux 6.6.63-1-lts x86_64
  Model                         Default string Default string
  Motherboard                   Default string Default string
  BIOS                          American Megatrends International, LLC. 5.26

CPU Information
  Name                          Intel N100
  Topology                      1 Processor, 4 Cores
  Identifier                    GenuineIntel Family 6 Model 190 Stepping 0
  Base Frequency                3.40 GHz
  L1 Instruction Cache          64.0 KB x 2
  L1 Data Cache                 32.0 KB x 2
  L2 Cache                      2.00 MB
  L3 Cache                      6.00 MB
  Instruction Sets              sse2 sse3 pclmul fma3 sse41 aesni avx avx2 shani vaes avx-vnni

Memory Information
  Size                          11.5 GB


Single-Core
  File Compression               1424             204.5 MB/sec
  Navigation                     1703          10.3 routes/sec
  HTML5 Browser                  1438           29.4 pages/sec
  PDF Renderer                   1407         32.4 Mpixels/sec
  Photo Library                   959          13.0 images/sec
  Clang                          1488          7.33 Klines/sec
  Text Processing                1566          125.4 pages/sec
  Asset Compression              1121              34.7 MB/sec
  Object Detection                678          20.3 images/sec
  Background Blur                1227          5.08 images/sec
  Horizon Detection              1619         50.4 Mpixels/sec
  Object Remover                  999         76.8 Mpixels/sec
  HDR                            1218         35.7 Mpixels/sec
  Photo Filter                   1006          9.98 images/sec
  Ray Tracer                     1038         1.00 Mpixels/sec
  Structure from Motion          1252         39.7 Kpixels/sec

Multi-Core
  File Compression               2589             371.9 MB/sec
  Navigation                     3993          24.1 routes/sec
  HTML5 Browser                  3691           75.6 pages/sec
  PDF Renderer                   4570        105.4 Mpixels/sec
  Photo Library                  3085          41.9 images/sec
  Clang                          4609          22.7 Klines/sec
  Text Processing                1909          152.9 pages/sec
  Asset Compression              3712             115.0 MB/sec
  Object Detection               1917          57.4 images/sec
  Background Blur                3305          13.7 images/sec
  Horizon Detection              4393        136.7 Mpixels/sec
  Object Remover                 2867        220.4 Mpixels/sec
  HDR                            3352         98.4 Mpixels/sec
  Photo Filter                   2875          28.5 images/sec
  Ray Tracer                     3516         3.40 Mpixels/sec
  Structure from Motion          3704        117.3 Kpixels/sec

Benchmark Summary
  Single-Core Score             1235
    Integer Score                 1266
    Floating Point Score          1179
  Multi-Core Score              3258
    Integer Score                 3185
    Floating Point Score          3397

```
## Disk Information 

### loop0

Size: loop

smartctl output: 
```
smartctl 7.4 2023-08-01 r5530 [x86_64-linux-6.6.63-1-lts] (local build)
Copyright (C) 2002-23, Bruce Allen, Christian Franke, www.smartmontools.org

/dev/loop0: Unable to detect device type
Please specify device type with the -d option.

Use smartctl -h to get a usage summary

```
### sda

Size: 238.5G

smartctl output: 
```
smartctl 7.4 2023-08-01 r5530 [x86_64-linux-6.6.63-1-lts] (local build)
Copyright (C) 2002-23, Bruce Allen, Christian Franke, www.smartmontools.org

=== START OF INFORMATION SECTION ===
Device Model:     G521N 256G
Serial Number:    X9RK025853T
LU WWN Device Id: 0 000000 000000000
Firmware Version: HP3618C8
User Capacity:    256,060,514,304 bytes [256 GB]
Sector Size:      512 bytes logical/physical
Rotation Rate:    Solid State Device
Form Factor:      2.5 inches
TRIM Command:     Available
Device is:        Not in smartctl database 7.3/5528
ATA Version is:   ACS-4 T13/BSR INCITS 529 revision 5
SATA Version is:  SATA 3.2, 6.0 Gb/s (current: 6.0 Gb/s)
Local Time is:    Sat Feb  8 17:40:26 2025 MST
SMART support is: Available - device has SMART capability.
SMART support is: Enabled

=== START OF READ SMART DATA SECTION ===
SMART overall-health self-assessment test result: PASSED

General SMART Values:
Offline data collection status:  (0x00)	Offline data collection activity
					was never started.
					Auto Offline Data Collection: Disabled.
Self-test execution status:      (   0)	The previous self-test routine completed
					without error or no self-test has ever 
					been run.
Total time to complete Offline 
data collection: 		(  120) seconds.
Offline data collection
capabilities: 			 (0x5d) SMART execute Offline immediate.
					No Auto Offline data collection support.
					Abort Offline collection upon new
					command.
					Offline surface scan supported.
					Self-test supported.
					No Conveyance Self-test supported.
					Selective Self-test supported.
SMART capabilities:            (0x0002)	Does not save SMART data before
					entering power-saving mode.
					Supports SMART auto save timer.
Error logging capability:        (0x01)	Error logging supported.
					General Purpose Logging supported.
Short self-test routine 
recommended polling time: 	 (   4) minutes.
Extended self-test routine
recommended polling time: 	 (   8) minutes.

SMART Attributes Data Structure revision number: 1
Vendor Specific SMART Attributes with Thresholds:
ID# ATTRIBUTE_NAME          FLAG     VALUE WORST THRESH TYPE      UPDATED  WHEN_FAILED RAW_VALUE
  1 Raw_Read_Error_Rate     0x0032   100   100   050    Old_age   Always       -       0
  5 Reallocated_Sector_Ct   0x0032   100   100   050    Old_age   Always       -       0
  9 Power_On_Hours          0x0032   100   100   050    Old_age   Always       -       53
 12 Power_Cycle_Count       0x0032   100   100   050    Old_age   Always       -       32
160 Unknown_Attribute       0x0032   100   100   050    Old_age   Always       -       0
161 Unknown_Attribute       0x0032   100   100   050    Old_age   Always       -       868
164 Unknown_Attribute       0x0032   100   100   050    Old_age   Always       -       0
165 Unknown_Attribute       0x0032   100   100   050    Old_age   Always       -       0
166 Unknown_Attribute       0x0032   100   100   050    Old_age   Always       -       0
167 Unknown_Attribute       0x0032   100   100   050    Old_age   Always       -       0
168 Unknown_Attribute       0x0032   100   100   050    Old_age   Always       -       0
169 Unknown_Attribute       0x0032   100   100   050    Old_age   Always       -       100
175 Program_Fail_Count_Chip 0x0032   100   100   050    Old_age   Always       -       0
176 Erase_Fail_Count_Chip   0x0032   100   100   050    Old_age   Always       -       0
177 Wear_Leveling_Count     0x0032   100   100   050    Old_age   Always       -       0
178 Used_Rsvd_Blk_Cnt_Chip  0x0032   100   100   050    Old_age   Always       -       0
192 Power-Off_Retract_Count 0x0032   100   100   050    Old_age   Always       -       4
194 Temperature_Celsius     0x0032   100   100   050    Old_age   Always       -       53
196 Reallocated_Event_Count 0x0032   100   100   050    Old_age   Always       -       0
199 UDMA_CRC_Error_Count    0x0032   100   100   050    Old_age   Always       -       0
232 Available_Reservd_Space 0x0032   100   100   050    Old_age   Always       -       100
241 Total_LBAs_Written      0x0032   100   100   050    Old_age   Always       -       2104
242 Total_LBAs_Read         0x0032   100   100   050    Old_age   Always       -       2373

SMART Error Log Version: 0
No Errors Logged

SMART Self-test log structure revision number 0
Warning: ATA Specification requires self-test log structure revision number = 1
No self-tests have been logged.  [To run self-tests, use: smartctl -t]

SMART Selective self-test log data structure revision number 0
Note: revision number not 1 implies that no selective self-test has ever been run
 SPAN  MIN_LBA  MAX_LBA  CURRENT_TEST_STATUS
    1        0        0  Not_testing
    2        0        0  Not_testing
    3        0        0  Not_testing
    4        0        0  Not_testing
    5        0        0  Not_testing
Selective self-test flags (0x0):
  After scanning selected spans, do NOT read-scan remainder of disk.
If Selective self-test is pending on power-up, resume after 0 minute delay.

The above only provides legacy SMART information - try 'smartctl -x' for more

```
## lspci

```
00:00.0 Host bridge: Intel Corporation Device 461c
00:02.0 VGA compatible controller: Intel Corporation Alder Lake-N [UHD Graphics]
00:14.0 USB controller: Intel Corporation Alder Lake-N PCH USB 3.2 xHCI Host Controller
00:14.2 RAM memory: Intel Corporation Alder Lake-N PCH Shared SRAM
00:16.0 Communication controller: Intel Corporation Alder Lake-N PCH HECI Controller
00:17.0 SATA controller: Intel Corporation Alder Lake-N SATA AHCI Controller
00:1a.0 SD Host controller: Intel Corporation Device 54c4
00:1c.0 PCI bridge: Intel Corporation Device 54bb
00:1d.0 PCI bridge: Intel Corporation Alder Lake-N PCI Express Root Port #11
00:1d.3 PCI bridge: Intel Corporation Alder Lake-N PCI Express Root Port #12
00:1f.0 ISA bridge: Intel Corporation Alder Lake-N PCH eSPI Controller
00:1f.3 Audio device: Intel Corporation Alder Lake-N PCH High Definition Audio Controller
00:1f.4 SMBus: Intel Corporation Alder Lake-N SMBus
00:1f.5 Serial bus controller: Intel Corporation Alder Lake-N SPI (flash) Controller
01:00.0 Ethernet controller: Realtek Semiconductor Co., Ltd. RTL8111/8168/8211/8411 PCI Express Gigabit Ethernet Controller (rev 15)
02:00.0 Network controller: Realtek Semiconductor Co., Ltd. RTL8821CE 802.11ac PCIe Wireless Network Adapter
03:00.0 Ethernet controller: Realtek Semiconductor Co., Ltd. RTL8111/8168/8211/8411 PCI Express Gigabit Ethernet Controller (rev 15)
```
## Memory Specific Information

```
Memory Device
	Array Handle: 0x0027
	Error Information Handle: Not Provided
	Total Width: 16 bits
	Data Width: 16 bits
	Size: 3 GB
	Form Factor: Row Of Chips
	Set: None
	Locator: Controller0-ChannelA
	Bank Locator: BANK 0
	Type: LPDDR5
	Type Detail: Synchronous
	Speed: 6400 MT/s
	Manufacturer: Samsung
	Serial Number: 20000000
	Asset Tag: 9876543210
	Part Number:                     
	Rank: 2
	Configured Memory Speed: 3200 MT/s
	Minimum Voltage: 0.5 V
	Maximum Voltage: 0.5 V
	Configured Voltage: 0.5 V
--
Memory Device
	Array Handle: 0x0027
	Error Information Handle: Not Provided
	Total Width: 16 bits
	Data Width: 16 bits
	Size: 3 GB
	Form Factor: Row Of Chips
	Set: None
	Locator: Controller0-ChannelB
	Bank Locator: BANK 1
	Type: LPDDR5
	Type Detail: Synchronous
	Speed: 6400 MT/s
	Manufacturer: Samsung
	Serial Number: 20000000
	Asset Tag: 9876543210
	Part Number:                     
	Rank: 2
	Configured Memory Speed: 3200 MT/s
	Minimum Voltage: 0.5 V
	Maximum Voltage: 0.5 V
	Configured Voltage: 0.5 V
--
Memory Device
	Array Handle: 0x0027
	Error Information Handle: Not Provided
	Total Width: 16 bits
	Data Width: 16 bits
	Size: 3 GB
	Form Factor: Row Of Chips
	Set: None
	Locator: Controller0-ChannelC
	Bank Locator: BANK 2
	Type: LPDDR5
	Type Detail: Synchronous
	Speed: 6400 MT/s
	Manufacturer: Samsung
	Serial Number: 20000000
	Asset Tag: 9876543210
	Part Number:                     
	Rank: 2
	Configured Memory Speed: 3200 MT/s
	Minimum Voltage: 0.5 V
	Maximum Voltage: 0.5 V
	Configured Voltage: 0.5 V
--
Memory Device
	Array Handle: 0x0027
	Error Information Handle: Not Provided
	Total Width: 16 bits
	Data Width: 16 bits
	Size: 3 GB
	Form Factor: Row Of Chips
	Set: None
	Locator: Controller0-ChannelD
	Bank Locator: BANK 3
	Type: LPDDR5
	Type Detail: Synchronous
	Speed: 6400 MT/s
	Manufacturer: Samsung
	Serial Number: 20000000
	Asset Tag: 9876543210
	Part Number:                     
	Rank: 2
	Configured Memory Speed: 3200 MT/s
	Minimum Voltage: 0.5 V
	Maximum Voltage: 0.5 V
	Configured Voltage: 0.5 V
--
Memory Device
	Array Handle: 0x0027
	Error Information Handle: Not Provided
	Total Width: Unknown
	Data Width: Unknown
	Size: No Module Installed
	Form Factor: Unknown
	Set: None
	Locator: Controller1-ChannelA-DIMM0
	Bank Locator: BANK 0
	Type: Unknown
	Type Detail: None

Handle 0x002D, DMI type 17, 92 bytes
Memory Device
	Array Handle: 0x0027
	Error Information Handle: Not Provided
	Total Width: Unknown
	Data Width: Unknown
	Size: No Module Installed
	Form Factor: Unknown
	Set: None
	Locator: Controller1-ChannelB-DIMM0
	Bank Locator: BANK 1
	Type: Unknown
	Type Detail: None

Handle 0x002E, DMI type 17, 92 bytes
Memory Device
	Array Handle: 0x0027
	Error Information Handle: Not Provided
	Total Width: Unknown
	Data Width: Unknown
	Size: No Module Installed
	Form Factor: Unknown
	Set: None
	Locator: Controller1-ChannelC-DIMM0
	Bank Locator: BANK 2
	Type: Unknown
	Type Detail: None

Handle 0x002F, DMI type 17, 92 bytes
Memory Device
	Array Handle: 0x0027
	Error Information Handle: Not Provided
	Total Width: Unknown
	Data Width: Unknown
	Size: No Module Installed
	Form Factor: Unknown
	Set: None
	Locator: Controller1-ChannelD-DIMM0
	Bank Locator: BANK 3
	Type: Unknown
	Type Detail: None

Handle 0x0030, DMI type 19, 31 bytes
Memory Array Mapped Address
	Starting Address: 0x00000000000
	Ending Address: 0x002FFFFFFFF
	Range Size: 12 GB
	Physical Array Handle: 0x0027
	Partition Width: 4

Handle 0x0031, DMI type 43, 31 bytes
```
