# ACEMAGICIAN Win11 Mini PC
[Amazon](https://www.amazon.com/gp/product/B0DDK8XKZG/ref=ppx_yo_dt_b_search_asin_title?ie=UTF8&psc=1)

## System Information 

```
Geekbench 6.3.0 Pro : https://www.geekbench.com/

System Information
  Operating System              Debian GNU/Linux 12 (bookworm)
  Kernel                        Linux 6.1.0-30-amd64 x86_64
  Model                         Default string Default string
  Motherboard                   Default string Default string
  BIOS                          American Megatrends International, LLC. 5.26

CPU Information
  Name                          Intel N100
  Topology                      1 Processor, 4 Cores
  Identifier                    GenuineIntel Family 6 Model 190 Stepping 0
  Base Frequency                3.40 GHz
  L1 Instruction Cache          64.0 KB x 2
  L1 Data Cache                 32.0 KB x 2
  L2 Cache                      2.00 MB
  L3 Cache                      6.00 MB

Memory Information
  Size                          11.5 GB

```

## Geekbench 
```
Single-Core
  File Compression               1423             204.3 MB/sec
  Navigation                     1670          10.1 routes/sec
  HTML5 Browser                  1431           29.3 pages/sec
  PDF Renderer                   1397         32.2 Mpixels/sec
  Photo Library                   955          13.0 images/sec
  Clang                          1492          7.35 Klines/sec
  Text Processing                1581          126.6 pages/sec
  Asset Compression              1116              34.6 MB/sec
  Object Detection                676          20.2 images/sec
  Background Blur                1225          5.07 images/sec
  Horizon Detection              1614         50.2 Mpixels/sec
  Object Remover                 1000         76.9 Mpixels/sec
  HDR                            1231         36.1 Mpixels/sec
  Photo Filter                   1010          10.0 images/sec
  Ray Tracer                     1039         1.01 Mpixels/sec
  Structure from Motion          1252         39.6 Kpixels/sec

Multi-Core
  File Compression               2384             342.4 MB/sec
  Navigation                     3947          23.8 routes/sec
  HTML5 Browser                  3657           74.9 pages/sec
  PDF Renderer                   4289         98.9 Mpixels/sec
  Photo Library                  3038          41.2 images/sec
  Clang                          4710          23.2 Klines/sec
  Text Processing                1948          156.0 pages/sec
  Asset Compression              3665             113.6 MB/sec
  Object Detection               1925          57.6 images/sec
  Background Blur                3309          13.7 images/sec
  Horizon Detection              4305        134.0 Mpixels/sec
  Object Remover                 2872        220.8 Mpixels/sec
  HDR                            3347         98.2 Mpixels/sec
  Photo Filter                   2708          26.9 images/sec
  Ray Tracer                     3534         3.42 Mpixels/sec
  Structure from Motion          3730        118.1 Kpixels/sec

Benchmark Summary
  Single-Core Score             1232
    Integer Score                 1261
    Floating Point Score          1181
  Multi-Core Score              3212
    Integer Score                 3132
    Floating Point Score          3365

```
## Disk Information 

### sda
Size: 238.5G
smartctl output: 
```
smartctl 7.3 2022-02-28 r5338 [x86_64-linux-6.1.0-30-amd64] (local build)
Copyright (C) 2002-22, Bruce Allen, Christian Franke, www.smartmontools.org

=== START OF INFORMATION SECTION ===
Device Model:     G521N 256G
Serial Number:    X9RK025853T
LU WWN Device Id: 0 000000 000000000
Firmware Version: HP3618C8
User Capacity:    256,060,514,304 bytes [256 GB]
Sector Size:      512 bytes logical/physical
Rotation Rate:    Solid State Device
Form Factor:      2.5 inches
TRIM Command:     Available
Device is:        Not in smartctl database 7.3/5319
ATA Version is:   ACS-4 T13/BSR INCITS 529 revision 5
SATA Version is:  SATA 3.2, 6.0 Gb/s (current: 6.0 Gb/s)
Local Time is:    Wed Feb  5 22:04:40 2025 MST
SMART support is: Available - device has SMART capability.
SMART support is: Enabled

=== START OF READ SMART DATA SECTION ===
SMART overall-health self-assessment test result: PASSED

General SMART Values:
Offline data collection status:  (0x00)	Offline data collection activity
					was never started.
					Auto Offline Data Collection: Disabled.
Self-test execution status:      (   0)	The previous self-test routine completed
					without error or no self-test has ever 
					been run.
Total time to complete Offline 
data collection: 		(  120) seconds.
Offline data collection
capabilities: 			 (0x5d) SMART execute Offline immediate.
					No Auto Offline data collection support.
					Abort Offline collection upon new
					command.
					Offline surface scan supported.
					Self-test supported.
					No Conveyance Self-test supported.
					Selective Self-test supported.
SMART capabilities:            (0x0002)	Does not save SMART data before
					entering power-saving mode.
					Supports SMART auto save timer.
Error logging capability:        (0x01)	Error logging supported.
					General Purpose Logging supported.
Short self-test routine 
recommended polling time: 	 (   4) minutes.
Extended self-test routine
recommended polling time: 	 (   8) minutes.

SMART Attributes Data Structure revision number: 1
Vendor Specific SMART Attributes with Thresholds:
ID# ATTRIBUTE_NAME          FLAG     VALUE WORST THRESH TYPE      UPDATED  WHEN_FAILED RAW_VALUE
  1 Raw_Read_Error_Rate     0x0032   100   100   050    Old_age   Always       -       0
  5 Reallocated_Sector_Ct   0x0032   100   100   050    Old_age   Always       -       0
  9 Power_On_Hours          0x0032   100   100   050    Old_age   Always       -       53
 12 Power_Cycle_Count       0x0032   100   100   050    Old_age   Always       -       30
160 Unknown_Attribute       0x0032   100   100   050    Old_age   Always       -       0
161 Unknown_Attribute       0x0032   100   100   050    Old_age   Always       -       868
164 Unknown_Attribute       0x0032   100   100   050    Old_age   Always       -       0
165 Unknown_Attribute       0x0032   100   100   050    Old_age   Always       -       0
166 Unknown_Attribute       0x0032   100   100   050    Old_age   Always       -       0
167 Unknown_Attribute       0x0032   100   100   050    Old_age   Always       -       0
168 Unknown_Attribute       0x0032   100   100   050    Old_age   Always       -       0
169 Unknown_Attribute       0x0032   100   100   050    Old_age   Always       -       100
175 Program_Fail_Count_Chip 0x0032   100   100   050    Old_age   Always       -       0
176 Erase_Fail_Count_Chip   0x0032   100   100   050    Old_age   Always       -       0
177 Wear_Leveling_Count     0x0032   100   100   050    Old_age   Always       -       0
178 Used_Rsvd_Blk_Cnt_Chip  0x0032   100   100   050    Old_age   Always       -       0
192 Power-Off_Retract_Count 0x0032   100   100   050    Old_age   Always       -       4
194 Temperature_Celsius     0x0032   100   100   050    Old_age   Always       -       52
196 Reallocated_Event_Count 0x0032   100   100   050    Old_age   Always       -       0
199 UDMA_CRC_Error_Count    0x0032   100   100   050    Old_age   Always       -       0
232 Available_Reservd_Space 0x0032   100   100   050    Old_age   Always       -       100
241 Total_LBAs_Written      0x0032   100   100   050    Old_age   Always       -       2104
242 Total_LBAs_Read         0x0032   100   100   050    Old_age   Always       -       2372

SMART Error Log Version: 0
No Errors Logged

SMART Self-test log structure revision number 0
Warning: ATA Specification requires self-test log structure revision number = 1
No self-tests have been logged.  [To run self-tests, use: smartctl -t]

SMART Selective self-test log data structure revision number 0
Note: revision number not 1 implies that no selective self-test has ever been run
 SPAN  MIN_LBA  MAX_LBA  CURRENT_TEST_STATUS
    1        0        0  Not_testing
    2        0        0  Not_testing
    3        0        0  Not_testing
    4        0        0  Not_testing
    5        0        0  Not_testing
Selective self-test flags (0x0):
  After scanning selected spans, do NOT read-scan remainder of disk.
If Selective self-test is pending on power-up, resume after 0 minute delay.

```
