# Dotx Dotx-Teknas

## System Information 

```
Host: Dotx-Teknas
CPU: Intel(R) N100 (4) @ 3.40 GHz
GPU: Intel UHD Graphics @ 0.75 GHz [Integrated]
Memory: 15.40 GiB
```

## Geekbench 
```
Geekbench 6.4.0 Pro : https://www.geekbench.com/

System Information
  Operating System              SystemRescue 11.03
  Kernel                        Linux 6.6.63-1-lts x86_64
  Model                         Dotx Dotx-Teknas
  Motherboard                   Default string Default string
  BIOS                          American Megatrends International, LLC. 5.27

CPU Information
  Name                          Intel N100
  Topology                      1 Processor, 4 Cores
  Identifier                    GenuineIntel Family 6 Model 190 Stepping 0
  Base Frequency                3.40 GHz
  L1 Instruction Cache          64.0 KB x 2
  L1 Data Cache                 32.0 KB x 2
  L2 Cache                      2.00 MB
  L3 Cache                      6.00 MB
  Instruction Sets              sse2 sse3 pclmul fma3 sse41 aesni avx avx2 shani vaes avx-vnni

Memory Information
  Size                          15.4 GB


Single-Core
  File Compression               1328             190.7 MB/sec
  Navigation                     1650          9.94 routes/sec
  HTML5 Browser                  1504           30.8 pages/sec
  PDF Renderer                   1445         33.3 Mpixels/sec
  Photo Library                   922          12.5 images/sec
  Clang                          1501          7.39 Klines/sec
  Text Processing                1373          110.0 pages/sec
  Asset Compression               954              29.6 MB/sec
  Object Detection                683          20.4 images/sec
  Background Blur                1045          4.32 images/sec
  Horizon Detection              1646         51.2 Mpixels/sec
  Object Remover                  988         75.9 Mpixels/sec
  HDR                            1100         32.3 Mpixels/sec
  Photo Filter                   1029          10.2 images/sec
  Ray Tracer                     1037         1.00 Mpixels/sec
  Structure from Motion          1132         35.8 Kpixels/sec

Multi-Core
  File Compression               1673             240.2 MB/sec
  Navigation                     3033          18.3 routes/sec
  HTML5 Browser                  3921           80.3 pages/sec
  PDF Renderer                   2506         57.8 Mpixels/sec
  Photo Library                  1805          24.5 images/sec
  Clang                          2638          13.0 Klines/sec
  Text Processing                1640          131.4 pages/sec
  Asset Compression              2294              71.1 MB/sec
  Object Detection               1204          36.0 images/sec
  Background Blur                2167          8.97 images/sec
  Horizon Detection              4539        141.3 Mpixels/sec
  Object Remover                 2007        154.3 Mpixels/sec
  HDR                            2721         79.9 Mpixels/sec
  Photo Filter                   2646          26.3 images/sec
  Ray Tracer                     3539         3.42 Mpixels/sec
  Structure from Motion          3111         98.5 Kpixels/sec

Benchmark Summary
  Single-Core Score             1184
    Integer Score                 1218
    Floating Point Score          1123
  Multi-Core Score              2392
    Integer Score                 2172
    Floating Point Score          2860

```
## Disk Information 

### loop0

Size: loop

smartctl output: 
```
smartctl 7.4 2023-08-01 r5530 [x86_64-linux-6.6.63-1-lts] (local build)
Copyright (C) 2002-23, Bruce Allen, Christian Franke, www.smartmontools.org

/dev/loop0: Unable to detect device type
Please specify device type with the -d option.

Use smartctl -h to get a usage summary

```
### nvme0n1

Size: 238.5G

smartctl output: 
```
smartctl 7.4 2023-08-01 r5530 [x86_64-linux-6.6.63-1-lts] (local build)
Copyright (C) 2002-23, Bruce Allen, Christian Franke, www.smartmontools.org

=== START OF INFORMATION SECTION ===
Model Number:                       YMTC YMSS1ED04B21MC
Serial Number:                      YMA1256JA2242607GX
Firmware Version:                   LN015216
PCI Vendor/Subsystem ID:            0x1e49
IEEE OUI Identifier:                0xa428b7
Total NVM Capacity:                 256,060,514,304 [256 GB]
Unallocated NVM Capacity:           0
Controller ID:                      1
NVMe Version:                       1.3
Number of Namespaces:               1
Namespace 1 Size/Capacity:          256,060,514,304 [256 GB]
Namespace 1 Utilization:            15,549,222,912 [15.5 GB]
Namespace 1 Formatted LBA Size:     512
Namespace 1 IEEE EUI-64:            a428b7 32dd3c0048
Local Time is:                      Thu Feb 20 19:35:16 2025 MST
Firmware Updates (0x14):            2 Slots, no Reset required
Optional Admin Commands (0x0017):   Security Format Frmw_DL Self_Test
Optional NVM Commands (0x005f):     Comp Wr_Unc DS_Mngmt Wr_Zero Sav/Sel_Feat Timestmp
Log Page Attributes (0x0f):         S/H_per_NS Cmd_Eff_Lg Ext_Get_Lg Telmtry_Lg
Maximum Data Transfer Size:         32 Pages
Warning  Comp. Temp. Threshold:     80 Celsius
Critical Comp. Temp. Threshold:     90 Celsius

Supported Power States
St Op     Max   Active     Idle   RL RT WL WT  Ent_Lat  Ex_Lat
 0 +     9.00W       -        -    0  0  0  0        0       0
 1 +     4.60W       -        -    1  1  1  1        0       0
 2 +     3.80W       -        -    2  2  2  2        0       0
 3 -   0.0450W       -        -    3  3  3  3     2000    2000
 4 -   0.0040W       -        -    4  4  4  4    15000   15000

Supported LBA Sizes (NSID 0x1)
Id Fmt  Data  Metadt  Rel_Perf
 0 +     512       0         0

=== START OF SMART DATA SECTION ===
SMART overall-health self-assessment test result: PASSED

SMART/Health Information (NVMe Log 0x02)
Critical Warning:                   0x00
Temperature:                        31 Celsius
Available Spare:                    100%
Available Spare Threshold:          10%
Percentage Used:                    0%
Data Units Read:                    107,572 [55.0 GB]
Data Units Written:                 172,142 [88.1 GB]
Host Read Commands:                 767,373
Host Write Commands:                3,218,787
Controller Busy Time:               120
Power Cycles:                       33
Power On Hours:                     2,189
Unsafe Shutdowns:                   6
Media and Data Integrity Errors:    0
Error Information Log Entries:      0
Warning  Comp. Temperature Time:    0
Critical Comp. Temperature Time:    0
Temperature Sensor 1:               31 Celsius
Temperature Sensor 2:               30 Celsius

Error Information (NVMe Log 0x01, 16 of 256 entries)
No Errors Logged

Read Self-test Log failed: Invalid Field in Command (0x002)

```
## lspci

```
00:00.0 Host bridge: Intel Corporation Device 461c
00:02.0 VGA compatible controller: Intel Corporation Alder Lake-N [UHD Graphics]
00:0d.0 USB controller: Intel Corporation Alder Lake-N Thunderbolt 4 USB Controller
00:14.0 USB controller: Intel Corporation Alder Lake-N PCH USB 3.2 xHCI Host Controller
00:14.2 RAM memory: Intel Corporation Alder Lake-N PCH Shared SRAM
00:16.0 Communication controller: Intel Corporation Alder Lake-N PCH HECI Controller
00:17.0 SATA controller: Intel Corporation Alder Lake-N SATA AHCI Controller
00:1c.0 PCI bridge: Intel Corporation Alder Lake-N PCI Express Root Port #1
00:1c.1 PCI bridge: Intel Corporation Alder Lake-N PCI Express Root Port #2
00:1d.0 PCI bridge: Intel Corporation Alder Lake-N PCI Express Root Port #9
00:1f.0 ISA bridge: Intel Corporation Alder Lake-N PCH eSPI Controller
00:1f.3 Multimedia audio controller: Intel Corporation Alder Lake-N PCH High Definition Audio Controller
00:1f.4 SMBus: Intel Corporation Alder Lake-N SMBus
00:1f.5 Serial bus controller: Intel Corporation Alder Lake-N SPI (flash) Controller
01:00.0 Ethernet controller: Intel Corporation Ethernet Controller I226-V (rev 04)
02:00.0 Ethernet controller: Intel Corporation Ethernet Controller I226-V (rev 04)
03:00.0 Non-Volatile memory controller: Yangtze Memory Technologies Co.,Ltd PC210 NVMe SSD (rev 03)
```
## Memory Specific Information

```
Memory Device
	Array Handle: 0x003B
	Error Information Handle: Not Provided
	Total Width: 64 bits
	Data Width: 64 bits
	Size: 16 GB
	Form Factor: SODIMM
	Set: None
	Locator: Controller0-ChannelA-DIMM0
	Bank Locator: BANK 0
	Type: DDR5
	Type Detail: Synchronous
	Speed: 4800 MT/s
	Manufacturer: 0x0000
	Serial Number: E2D8DC0B
	Asset Tag: 9876543210
	Part Number: Dotx 16GB 4800      
	Rank: 1
	Configured Memory Speed: 4800 MT/s
	Minimum Voltage: 1.1 V
	Maximum Voltage: 1.1 V
	Configured Voltage: 1.1 V
--
Memory Device
	Array Handle: 0x003B
	Error Information Handle: Not Provided
	Total Width: Unknown
	Data Width: Unknown
	Size: No Module Installed
	Form Factor: Unknown
	Set: None
	Locator: Controller1-ChannelA-DIMM0
	Bank Locator: BANK 0
	Type: Unknown
	Type Detail: None

Handle 0x003E, DMI type 19, 31 bytes
Memory Array Mapped Address
	Starting Address: 0x00000000000
	Ending Address: 0x003FFFFFFFF
	Range Size: 16 GB
	Physical Array Handle: 0x003B
	Partition Width: 1

Handle 0x003F, DMI type 43, 31 bytes
```
