# GMKtec NucBox5

## System Information 

```
Host: NucBox5
CPU: Intel(R) Celeron(R) N5105 (4) @ 2.90 GHz
GPU: Intel UHD Graphics @ 0.80 GHz [Integrated]
Memory: 7.54 GiB
```

## Geekbench 
```
Geekbench 6.4.0 Pro : https://www.geekbench.com/

System Information
  Operating System              SystemRescue 11.03
  Kernel                        Linux 6.6.63-1-lts x86_64
  Model                         GMKtec NucBox5
  Motherboard                   GMKtec GMKtec
  BIOS                          American Megatrends International, LLC. KB05_GMKTEC_1_02_AUTO001

CPU Information
  Name                          Intel Celeron N5105
  Topology                      1 Processor, 4 Cores
  Identifier                    GenuineIntel Family 6 Model 156 Stepping 0
  Base Frequency                2.90 GHz
  L1 Instruction Cache          32.0 KB x 4
  L1 Data Cache                 32.0 KB x 4
  L2 Cache                      1.50 MB
  L3 Cache                      4.00 MB
  Instruction Sets              sse2 sse3 pclmul sse41 aesni shani

Memory Information
  Size                          7.54 GB


Single-Core
  File Compression               1012             145.4 MB/sec
  Navigation                     1132          6.82 routes/sec
  HTML5 Browser                   963           19.7 pages/sec
  PDF Renderer                    937         21.6 Mpixels/sec
  Photo Library                   205          2.78 images/sec
  Clang                          1107          5.45 Klines/sec
  Text Processing                1082           86.7 pages/sec
  Asset Compression               792              24.5 MB/sec
  Object Detection                 50          1.48 images/sec
  Background Blur                 413          1.71 images/sec
  Horizon Detection               642         20.0 Mpixels/sec
  Object Remover                  643         49.5 Mpixels/sec
  HDR                             662         19.4 Mpixels/sec
  Photo Filter                    287          2.85 images/sec
  Ray Tracer                      635        614.0 Kpixels/sec
  Structure from Motion           286         9.04 Kpixels/sec

Multi-Core
  File Compression               1630             234.0 MB/sec
  Navigation                     2885          17.4 routes/sec
  HTML5 Browser                  2804           57.4 pages/sec
  PDF Renderer                   3327         76.7 Mpixels/sec
  Photo Library                   734          9.97 images/sec
  Clang                          3402          16.8 Klines/sec
  Text Processing                1354          108.5 pages/sec
  Asset Compression              2901              89.9 MB/sec
  Object Detection                175          5.24 images/sec
  Background Blur                1143          4.73 images/sec
  Horizon Detection              2151         66.9 Mpixels/sec
  Object Remover                 2010        154.6 Mpixels/sec
  HDR                            2064         60.6 Mpixels/sec
  Photo Filter                    948          9.40 images/sec
  Ray Tracer                     2444         2.37 Mpixels/sec
  Structure from Motion          1011         32.0 Kpixels/sec

Benchmark Summary
  Single-Core Score              555
    Integer Score                  600
    Floating Point Score           480
  Multi-Core Score              1601
    Integer Score                 1616
    Floating Point Score          1574

```
## Disk Information 

### loop0

Size: loop

smartctl output: 
```
smartctl 7.4 2023-08-01 r5530 [x86_64-linux-6.6.63-1-lts] (local build)
Copyright (C) 2002-23, Bruce Allen, Christian Franke, www.smartmontools.org

/dev/loop0: Unable to detect device type
Please specify device type with the -d option.

Use smartctl -h to get a usage summary

```
### sda

Size: 238.5G

smartctl output: 
```
smartctl 7.4 2023-08-01 r5530 [x86_64-linux-6.6.63-1-lts] (local build)
Copyright (C) 2002-23, Bruce Allen, Christian Franke, www.smartmontools.org

=== START OF INFORMATION SECTION ===
Device Model:     MST1000-256
Serial Number:    M242A00000165
Firmware Version: S1022A0
User Capacity:    256,060,514,304 bytes [256 GB]
Sector Size:      512 bytes logical/physical
Rotation Rate:    Solid State Device
Form Factor:      M.2
TRIM Command:     Available, deterministic, zeroed
Device is:        Not in smartctl database 7.3/5528
ATA Version is:   ACS-2 T13/2015-D revision 3
SATA Version is:  SATA 3.2, 6.0 Gb/s (current: 6.0 Gb/s)
Local Time is:    Sat Feb  8 18:03:18 2025 MST
SMART support is: Available - device has SMART capability.
SMART support is: Enabled

=== START OF READ SMART DATA SECTION ===
SMART overall-health self-assessment test result: PASSED

General SMART Values:
Offline data collection status:  (0x00)	Offline data collection activity
					was never started.
					Auto Offline Data Collection: Disabled.
Self-test execution status:      (   0)	The previous self-test routine completed
					without error or no self-test has ever 
					been run.
Total time to complete Offline 
data collection: 		(  120) seconds.
Offline data collection
capabilities: 			 (0x11) SMART execute Offline immediate.
					No Auto Offline data collection support.
					Suspend Offline collection upon new
					command.
					No Offline surface scan supported.
					Self-test supported.
					No Conveyance Self-test supported.
					No Selective Self-test supported.
SMART capabilities:            (0x0002)	Does not save SMART data before
					entering power-saving mode.
					Supports SMART auto save timer.
Error logging capability:        (0x01)	Error logging supported.
					General Purpose Logging supported.
Short self-test routine 
recommended polling time: 	 (   2) minutes.
Extended self-test routine
recommended polling time: 	 (  10) minutes.

SMART Attributes Data Structure revision number: 1
Vendor Specific SMART Attributes with Thresholds:
ID# ATTRIBUTE_NAME          FLAG     VALUE WORST THRESH TYPE      UPDATED  WHEN_FAILED RAW_VALUE
  1 Raw_Read_Error_Rate     0x0032   100   100   050    Old_age   Always       -       0
  5 Reallocated_Sector_Ct   0x0032   100   100   050    Old_age   Always       -       0
  9 Power_On_Hours          0x0032   100   100   050    Old_age   Always       -       9
 12 Power_Cycle_Count       0x0032   100   100   050    Old_age   Always       -       270
160 Unknown_Attribute       0x0032   100   100   050    Old_age   Always       -       0
161 Unknown_Attribute       0x0033   100   100   050    Pre-fail  Always       -       100
163 Unknown_Attribute       0x0032   100   100   050    Old_age   Always       -       11
164 Unknown_Attribute       0x0032   100   100   050    Old_age   Always       -       1097
165 Unknown_Attribute       0x0032   100   100   050    Old_age   Always       -       3
166 Unknown_Attribute       0x0032   100   100   050    Old_age   Always       -       1
167 Unknown_Attribute       0x0032   100   100   050    Old_age   Always       -       2
168 Unknown_Attribute       0x0032   100   100   050    Old_age   Always       -       7000
169 Unknown_Attribute       0x0032   100   100   050    Old_age   Always       -       100
175 Program_Fail_Count_Chip 0x0032   100   100   050    Old_age   Always       -       0
176 Erase_Fail_Count_Chip   0x0032   100   100   050    Old_age   Always       -       0
177 Wear_Leveling_Count     0x0032   100   100   050    Old_age   Always       -       0
178 Used_Rsvd_Blk_Cnt_Chip  0x0032   100   100   050    Old_age   Always       -       0
181 Program_Fail_Cnt_Total  0x0032   100   100   050    Old_age   Always       -       0
182 Erase_Fail_Count_Total  0x0032   100   100   050    Old_age   Always       -       0
192 Power-Off_Retract_Count 0x0032   100   100   050    Old_age   Always       -       184
194 Temperature_Celsius     0x0022   100   100   050    Old_age   Always       -       40
195 Hardware_ECC_Recovered  0x0032   100   100   050    Old_age   Always       -       0
196 Reallocated_Event_Count 0x0032   100   100   050    Old_age   Always       -       0
197 Current_Pending_Sector  0x0032   100   100   050    Old_age   Always       -       0
198 Offline_Uncorrectable   0x0032   100   100   050    Old_age   Always       -       0
199 UDMA_CRC_Error_Count    0x0032   100   100   050    Old_age   Always       -       0
232 Available_Reservd_Space 0x0032   100   100   050    Old_age   Always       -       100
241 Total_LBAs_Written      0x0030   100   100   050    Old_age   Offline      -       6433
242 Total_LBAs_Read         0x0030   100   100   050    Old_age   Offline      -       8457
245 Unknown_Attribute       0x0032   100   100   050    Old_age   Always       -       0

SMART Error Log Version: 1
Warning: ATA error count 0 inconsistent with error log pointer 1

ATA Error Count: 0
	CR = Command Register [HEX]
	FR = Features Register [HEX]
	SC = Sector Count Register [HEX]
	SN = Sector Number Register [HEX]
	CL = Cylinder Low Register [HEX]
	CH = Cylinder High Register [HEX]
	DH = Device/Head Register [HEX]
	DC = Device Command Register [HEX]
	ER = Error register [HEX]
	ST = Status register [HEX]
Powered_Up_Time is measured from power on, and printed as
DDd+hh:mm:SS.sss where DD=days, hh=hours, mm=minutes,
SS=sec, and sss=millisec. It "wraps" after 49.710 days.

Error -4 occurred at disk power-on lifetime: 0 hours (0 days + 0 hours)
  When the command that caused the error occurred, the device was active or idle.

  After command completion occurred, registers were:
  ER ST SC SN CL CH DH
  -- -- -- -- -- -- --
  00 00 00 00 00 00 00

  Commands leading to the command that caused the error were:
  CR FR SC SN CL CH DH DC   Powered_Up_Time  Command/Feature_Name
  -- -- -- -- -- -- -- --  ----------------  --------------------
  b0 d0 01 00 4f c2 00 08      00:00:00.000  SMART READ DATA
  b0 d1 01 01 4f c2 00 08      00:00:00.000  SMART READ ATTRIBUTE THRESHOLDS [OBS-4]
  b0 da 00 00 4f c2 00 08      00:00:00.000  SMART RETURN STATUS
  b0 d5 01 00 4f c2 00 08      00:00:00.000  SMART READ LOG
  b0 d5 01 01 4f c2 00 08      00:00:00.000  SMART READ LOG

SMART Self-test log structure revision number 1
Num  Test_Description    Status                  Remaining  LifeTime(hours)  LBA_of_first_error
# 1  Extended offline    Completed without error       00%         6         -
# 2  Short offline       Completed without error       00%         6         -

Selective Self-tests/Logging not supported

The above only provides legacy SMART information - try 'smartctl -x' for more

```
## lspci

```
00:00.0 Host bridge: Intel Corporation Device 4e24
00:02.0 VGA compatible controller: Intel Corporation JasperLake [UHD Graphics] (rev 01)
00:04.0 Signal processing controller: Intel Corporation Dynamic Tuning service
00:14.0 USB controller: Intel Corporation Jasper Lake USB 3.1 xHCI Host Controller (rev 01)
00:14.2 RAM memory: Intel Corporation Jasper Lake Shared SRAM (rev 01)
00:14.5 SD Host controller: Intel Corporation Jasper Lake SD Controller (rev 01)
00:15.0 Serial bus controller: Intel Corporation Jasper Lake Serial IO I2C Host Controller #0 (rev 01)
00:15.1 Serial bus controller: Intel Corporation Jasper Lake Serial IO I2C Host Controller #1 (rev 01)
00:15.2 Serial bus controller: Intel Corporation Jasper Lake Serial IO I2C Host Controller #2 (rev 01)
00:16.0 Communication controller: Intel Corporation Management Engine Interface (rev 01)
00:17.0 SATA controller: Intel Corporation Jasper Lake SATA AHCI Controller (rev 01)
00:19.0 Serial bus controller: Intel Corporation Jasper Lake Serial IO I2C Host Controller #4 (rev 01)
00:19.1 Serial bus controller: Intel Corporation Jasper Lake Serial IO I2C Host Controller #5 (rev 01)
00:1a.0 SD Host controller: Intel Corporation Jasper Lake eMMC Controller (rev 01)
00:1c.0 PCI bridge: Intel Corporation Jasper Lake PCIe Root Port #2 (rev 01)
00:1c.6 PCI bridge: Intel Corporation Jasper Lake PCIe Root Port #7 (rev 01)
00:1e.0 Communication controller: Intel Corporation Jasper Lake Serial IO UART Controller #0 (rev 01)
00:1e.3 Serial bus controller: Intel Corporation Jasper Lake Serial IO SPI Controller #1 (rev 01)
00:1f.0 ISA bridge: Intel Corporation Jasper Lake eSPI Controller (rev 01)
00:1f.3 Audio device: Intel Corporation Jasper Lake HD Audio (rev 01)
00:1f.4 SMBus: Intel Corporation Jasper Lake SMBus (rev 01)
00:1f.5 Serial bus controller: Intel Corporation Jasper Lake SPI Controller (rev 01)
01:00.0 Network controller: Intel Corporation Wireless 7265 (rev 59)
02:00.0 Ethernet controller: Realtek Semiconductor Co., Ltd. RTL8111/8168/8211/8411 PCI Express Gigabit Ethernet Controller (rev 15)
```
## Memory Specific Information

```
Memory Device
	Array Handle: 0x003A
	Error Information Handle: Not Provided
	Total Width: 32 bits
	Data Width: 32 bits
	Size: 8 GB
	Form Factor: Row Of Chips
	Set: None
	Locator: Controller0-ChannelA
	Bank Locator: BANK 0
	Type: LPDDR4
	Type Detail: Synchronous
	Speed: 3733 MT/s
	Manufacturer: Samsung
	Serial Number: 43000000
	Asset Tag: 9876543210
	Part Number:                   
	Rank: 2
	Configured Memory Speed: 2933 MT/s
	Minimum Voltage: 1.1 V
	Maximum Voltage: 1.2 V
	Configured Voltage: 1.1 V
--
Memory Device
	Array Handle: 0x003A
	Error Information Handle: Not Provided
	Total Width: Unknown
	Data Width: Unknown
	Size: No Module Installed
	Form Factor: Unknown
	Set: None
	Locator: Controller0-ChannelB-DIMM0
	Bank Locator: BANK 1
	Type: Unknown
	Type Detail: None

Handle 0x0049, DMI type 20, 35 bytes
Memory Device Mapped Address
	Starting Address: 0x00000000000
	Ending Address: 0x001FFFFFFFF
	Range Size: 8 GB
	Physical Device Handle: 0x0047
	Memory Array Mapped Address Handle: 0x003D
	Partition Row Position: Unknown
	Interleave Position: 1
```
