# HP HP EliteDesk 800 G4 DM 35W (TAA)

## System Information 

```
Host: HP EliteDesk 800 G4 DM 35W (TAA) (SBKPF)
CPU: Intel(R) Core(TM) i5-8500T (6) @ 3.50 GHz
GPU: Intel UHD Graphics 630 @ 1.10 GHz [Integrated]
Memory: 7.54 GiB
```

## Geekbench 
```
Geekbench 6.4.0 Pro : https://www.geekbench.com/

System Information
  Operating System              SystemRescue 11.03
  Kernel                        Linux 6.6.63-1-lts x86_64
  Model                         HP HP EliteDesk 800 G4 DM 35W (TAA)
  Motherboard                   HP 83E2
  BIOS                          HP Q21 Ver. 02.29.01

CPU Information
  Name                          Intel Core i5-8500T
  Topology                      1 Processor, 6 Cores
  Identifier                    GenuineIntel Family 6 Model 158 Stepping 10
  Base Frequency                3.50 GHz
  L1 Instruction Cache          32.0 KB x 3
  L1 Data Cache                 32.0 KB x 3
  L2 Cache                      256 KB x 3
  L3 Cache                      9.00 MB
  Instruction Sets              sse2 sse3 pclmul fma3 sse41 aesni avx avx2

Memory Information
  Size                          7.54 GB


Single-Core
  File Compression               1265             181.7 MB/sec
  Navigation                     1739          10.5 routes/sec
  HTML5 Browser                  1367           28.0 pages/sec
  PDF Renderer                   1365         31.5 Mpixels/sec
  Photo Library                  1014          13.8 images/sec
  Clang                          1493          7.36 Klines/sec
  Text Processing                1274          102.0 pages/sec
  Asset Compression              1194              37.0 MB/sec
  Object Detection                602          18.0 images/sec
  Background Blur                1851          7.66 images/sec
  Horizon Detection              1667         51.9 Mpixels/sec
  Object Remover                 1324        101.8 Mpixels/sec
  HDR                            1366         40.1 Mpixels/sec
  Photo Filter                   1708          16.9 images/sec
  Ray Tracer                     1194         1.15 Mpixels/sec
  Structure from Motion          1616         51.2 Kpixels/sec

Multi-Core
  File Compression               2148             308.5 MB/sec
  Navigation                     5928          35.7 routes/sec
  HTML5 Browser                  4050           82.9 pages/sec
  PDF Renderer                   5918        136.5 Mpixels/sec
  Photo Library                  4227          57.4 images/sec
  Clang                          7283          35.9 Klines/sec
  Text Processing                1625          130.1 pages/sec
  Asset Compression              5877             182.1 MB/sec
  Object Detection               1847          55.3 images/sec
  Background Blur                6303          26.1 images/sec
  Horizon Detection              5694        177.2 Mpixels/sec
  Object Remover                 4715        362.5 Mpixels/sec
  HDR                            4737        139.0 Mpixels/sec
  Photo Filter                   3402          33.8 images/sec
  Ray Tracer                     6346         6.14 Mpixels/sec
  Structure from Motion          5321        168.5 Kpixels/sec

Benchmark Summary
  Single-Core Score             1311
    Integer Score                 1213
    Floating Point Score          1516
  Multi-Core Score              4218
    Integer Score                 3801
    Floating Point Score          5119

```
## Disk Information 

### loop0

Size: loop

smartctl output: 
```
smartctl 7.4 2023-08-01 r5530 [x86_64-linux-6.6.63-1-lts] (local build)
Copyright (C) 2002-23, Bruce Allen, Christian Franke, www.smartmontools.org

/dev/loop0: Unable to detect device type
Please specify device type with the -d option.

Use smartctl -h to get a usage summary

```
### nvme0n1

Size: 119.2G

smartctl output: 
```
smartctl 7.4 2023-08-01 r5530 [x86_64-linux-6.6.63-1-lts] (local build)
Copyright (C) 2002-23, Bruce Allen, Christian Franke, www.smartmontools.org

=== START OF INFORMATION SECTION ===
Model Number:                       SK hynix BC501 HFM128GDJTNG-8310A
Serial Number:                      NJ91N401613001A46
Firmware Version:                   80002C00
PCI Vendor/Subsystem ID:            0x1c5c
IEEE OUI Identifier:                0xace42e
Controller ID:                      1
NVMe Version:                       1.2.1
Number of Namespaces:               1
Namespace 1 Size/Capacity:          128,035,676,160 [128 GB]
Namespace 1 Formatted LBA Size:     512
Namespace 1 IEEE EUI-64:            ace42e 0095041d57
Local Time is:                      Sat Feb  8 11:32:22 2025 MST
Firmware Updates (0x16):            3 Slots, no Reset required
Optional Admin Commands (0x0017):   Security Format Frmw_DL Self_Test
Optional NVM Commands (0x0016):     Wr_Unc DS_Mngmt Sav/Sel_Feat
Log Page Attributes (0x02):         Cmd_Eff_Lg
Maximum Data Transfer Size:         64 Pages
Warning  Comp. Temp. Threshold:     81 Celsius
Critical Comp. Temp. Threshold:     82 Celsius
Namespace 1 Features (0x02):        NA_Fields

Supported Power States
St Op     Max   Active     Idle   RL RT WL WT  Ent_Lat  Ex_Lat
 0 +   3.5000W       -        -    0  0  0  0        5       5
 1 +   2.4000W       -        -    1  1  1  1       30      30
 2 +   1.9000W       -        -    2  2  2  2      100     100
 3 -   0.0350W       -        -    3  3  3  3     1000    1000
 4 -   0.0050W       -        -    3  3  3  3     1000    5000

Supported LBA Sizes (NSID 0x1)
Id Fmt  Data  Metadt  Rel_Perf
 0 +     512       0         0
 1 -    4096       0         0

=== START OF SMART DATA SECTION ===
SMART overall-health self-assessment test result: PASSED

SMART/Health Information (NVMe Log 0x02)
Critical Warning:                   0x00
Temperature:                        30 Celsius
Available Spare:                    100%
Available Spare Threshold:          5%
Percentage Used:                    38%
Data Units Read:                    77,738,511 [39.8 TB]
Data Units Written:                 67,091,031 [34.3 TB]
Host Read Commands:                 1,999,832,996
Host Write Commands:                3,142,252,756
Controller Busy Time:               16,049
Power Cycles:                       143
Power On Hours:                     6,824
Unsafe Shutdowns:                   70
Media and Data Integrity Errors:    0
Error Information Log Entries:      1
Warning  Comp. Temperature Time:    0
Critical Comp. Temperature Time:    0
Temperature Sensor 1:               30 Celsius
Temperature Sensor 2:               31 Celsius

Error Information (NVMe Log 0x01, 16 of 256 entries)
No Errors Logged

Self-test Log (NVMe Log 0x06)
Self-test status: No self-test in progress
No Self-tests Logged

```
## lspci

```
00:00.0 Host bridge: Intel Corporation 8th Gen Core Processor Host Bridge/DRAM Registers (rev 07)
00:02.0 VGA compatible controller: Intel Corporation CoffeeLake-S GT2 [UHD Graphics 630]
00:12.0 Signal processing controller: Intel Corporation Cannon Lake PCH Thermal Controller (rev 10)
00:14.0 USB controller: Intel Corporation Cannon Lake PCH USB 3.1 xHCI Host Controller (rev 10)
00:14.2 RAM memory: Intel Corporation Cannon Lake PCH Shared SRAM (rev 10)
00:14.3 Network controller: Intel Corporation Cannon Lake PCH CNVi WiFi (rev 10)
00:16.0 Communication controller: Intel Corporation Cannon Lake PCH HECI Controller (rev 10)
00:16.3 Serial controller: Intel Corporation Cannon Lake PCH Active Management Technology - SOL (rev 10)
00:17.0 SATA controller: Intel Corporation Cannon Lake PCH SATA AHCI Controller (rev 10)
00:1b.0 PCI bridge: Intel Corporation Cannon Lake PCH PCI Express Root Port #21 (rev f0)
00:1f.0 ISA bridge: Intel Corporation Q370 Chipset LPC/eSPI Controller (rev 10)
00:1f.3 Audio device: Intel Corporation Cannon Lake PCH cAVS (rev 10)
00:1f.4 SMBus: Intel Corporation Cannon Lake PCH SMBus Controller (rev 10)
00:1f.5 Serial bus controller: Intel Corporation Cannon Lake PCH SPI Controller (rev 10)
00:1f.6 Ethernet controller: Intel Corporation Ethernet Connection (7) I219-LM (rev 10)
01:00.0 Non-Volatile memory controller: SK hynix BC501 NVMe Solid State Drive
```
## Memory Specific Information

```
Memory Device
	Array Handle: 0x0007
	Error Information Handle: Not Provided
	Total Width: 64 bits
	Data Width: 64 bits
	Size: 8 GB
	Form Factor: SODIMM
	Set: None
	Locator: DIMM1
	Bank Locator: ChannelB
	Type: DDR4
	Type Detail: Synchronous
	Speed: 2667 MT/s
	Manufacturer: Hynix/Hyundai
	Serial Number: 828E5026
	Asset Tag:  
	Part Number: HMA81GS6CJR8N-VK    
	Rank: 1
	Configured Memory Speed: 2667 MT/s
	Minimum Voltage: Unknown
	Maximum Voltage: Unknown
	Configured Voltage: 1.2 V
--
Memory Device
	Array Handle: 0x0007
	Error Information Handle: Not Provided
	Total Width: Unknown
	Data Width: Unknown
	Size: No Module Installed
	Form Factor: Other
	Set: None
	Locator: DIMM3
	Bank Locator: ChannelA
	Type: Unknown
	Type Detail: None

Handle 0x0008, DMI type 20, 35 bytes
Memory Device Mapped Address
	Starting Address: 0x00000000000
	Ending Address: 0x001FFFFFFFF
	Range Size: 8 GB
	Physical Device Handle: 0x0039
	Memory Array Mapped Address Handle: 0x000C
	Partition Row Position: 1

```
