# HP HP EliteDesk 800 G4 DM 35W (TAA)

## System Information 

```
Geekbench 6.3.0 Pro : https://www.geekbench.com/

System Information
  Operating System              Debian GNU/Linux 12 (bookworm)
  Kernel                        Linux 6.1.0-30-amd64 x86_64
  Model                         HP HP EliteDesk 800 G4 DM 35W (TAA)
  Motherboard                   HP 83E2
  BIOS                          HP Q21 Ver. 02.29.01

CPU Information
  Name                          Intel Core i5-8500T
  Topology                      1 Processor, 6 Cores
  Identifier                    GenuineIntel Family 6 Model 158 Stepping 10
  Base Frequency                3.50 GHz
  L1 Instruction Cache          32.0 KB x 3
  L1 Data Cache                 32.0 KB x 3
  L2 Cache                      256 KB x 3
  L3 Cache                      9.00 MB

Memory Information
  Size                          7.54 GB

```

## Geekbench 
```
Single-Core
  File Compression               1265             181.7 MB/sec
  Navigation                     1685          10.2 routes/sec
  HTML5 Browser                  1374           28.1 pages/sec
  PDF Renderer                   1377         31.8 Mpixels/sec
  Photo Library                  1013          13.7 images/sec
  Clang                          1494          7.36 Klines/sec
  Text Processing                1295          103.7 pages/sec
  Asset Compression              1194              37.0 MB/sec
  Object Detection                599          17.9 images/sec
  Background Blur                1883          7.79 images/sec
  Horizon Detection              1645         51.2 Mpixels/sec
  Object Remover                 1371        105.4 Mpixels/sec
  HDR                            1251         36.7 Mpixels/sec
  Photo Filter                   1718          17.0 images/sec
  Ray Tracer                     1204         1.17 Mpixels/sec
  Structure from Motion          1626         51.5 Kpixels/sec

Multi-Core
  File Compression               2087             299.7 MB/sec
  Navigation                     5714          34.4 routes/sec
  HTML5 Browser                  4133           84.6 pages/sec
  PDF Renderer                   5962        137.5 Mpixels/sec
  Photo Library                  4170          56.6 images/sec
  Clang                          7326          36.1 Klines/sec
  Text Processing                1640          131.4 pages/sec
  Asset Compression              5758             178.4 MB/sec
  Object Detection               1830          54.8 images/sec
  Background Blur                6235          25.8 images/sec
  Horizon Detection              5602        174.3 Mpixels/sec
  Object Remover                 4826        371.0 Mpixels/sec
  HDR                            4720        138.5 Mpixels/sec
  Photo Filter                   3398          33.7 images/sec
  Ray Tracer                     6396         6.19 Mpixels/sec
  Structure from Motion          5273        167.0 Kpixels/sec

Benchmark Summary
  Single-Core Score             1309
    Integer Score                 1212
    Floating Point Score          1510
  Multi-Core Score              4196
    Integer Score                 3773
    Floating Point Score          5112

```
## Disk Information 

### nvme0n1
Size: 119.2G
smartctl output: 
```
smartctl 7.3 2022-02-28 r5338 [x86_64-linux-6.1.0-30-amd64] (local build)
Copyright (C) 2002-22, Bruce Allen, Christian Franke, www.smartmontools.org

=== START OF INFORMATION SECTION ===
Model Number:                       SK hynix BC501 HFM128GDJTNG-8310A
Serial Number:                      NJ91N401613001A46
Firmware Version:                   80002C00
PCI Vendor/Subsystem ID:            0x1c5c
IEEE OUI Identifier:                0xace42e
Controller ID:                      1
NVMe Version:                       1.2.1
Number of Namespaces:               1
Namespace 1 Size/Capacity:          128,035,676,160 [128 GB]
Namespace 1 Formatted LBA Size:     512
Namespace 1 IEEE EUI-64:            ace42e 0095041d57
Local Time is:                      Thu Feb  6 21:08:41 2025 MST
Firmware Updates (0x16):            3 Slots, no Reset required
Optional Admin Commands (0x0017):   Security Format Frmw_DL Self_Test
Optional NVM Commands (0x0016):     Wr_Unc DS_Mngmt Sav/Sel_Feat
Log Page Attributes (0x02):         Cmd_Eff_Lg
Maximum Data Transfer Size:         64 Pages
Warning  Comp. Temp. Threshold:     81 Celsius
Critical Comp. Temp. Threshold:     82 Celsius
Namespace 1 Features (0x02):        NA_Fields

Supported Power States
St Op     Max   Active     Idle   RL RT WL WT  Ent_Lat  Ex_Lat
 0 +   3.5000W       -        -    0  0  0  0        5       5
 1 +   2.4000W       -        -    1  1  1  1       30      30
 2 +   1.9000W       -        -    2  2  2  2      100     100
 3 -   0.0350W       -        -    3  3  3  3     1000    1000
 4 -   0.0050W       -        -    3  3  3  3     1000    5000

Supported LBA Sizes (NSID 0x1)
Id Fmt  Data  Metadt  Rel_Perf
 0 +     512       0         0
 1 -    4096       0         0

=== START OF SMART DATA SECTION ===
SMART overall-health self-assessment test result: PASSED

SMART/Health Information (NVMe Log 0x02)
Critical Warning:                   0x00
Temperature:                        28 Celsius
Available Spare:                    100%
Available Spare Threshold:          5%
Percentage Used:                    38%
Data Units Read:                    77,737,006 [39.8 TB]
Data Units Written:                 67,090,819 [34.3 TB]
Host Read Commands:                 1,999,819,790
Host Write Commands:                3,142,247,280
Controller Busy Time:               16,049
Power Cycles:                       140
Power On Hours:                     6,824
Unsafe Shutdowns:                   69
Media and Data Integrity Errors:    0
Error Information Log Entries:      1
Warning  Comp. Temperature Time:    0
Critical Comp. Temperature Time:    0
Temperature Sensor 1:               28 Celsius
Temperature Sensor 2:               29 Celsius

Error Information (NVMe Log 0x01, 16 of 256 entries)
No Errors Logged

```
