# Protectli FW4B

## System Information 

```
Host: FW4B (Ver 1.3)
CPU: Intel(R) Celeron(R) J3160 (4) @ 2.24 GHz
GPU: Intel Atom/Celeron/Pentium Processor x5-E8000/J3xxx/N3xxx Integrated Graphics Controller @ 0.70 GHz [Integrated]
Memory: 7.67 GiB
```

## Geekbench 
```
Geekbench 6.4.0 Pro : https://www.geekbench.com/

System Information
  Operating System              SystemRescue 11.03
  Kernel                        Linux 6.6.63-1-lts x86_64
  Model                         Protectli FW4B
  Motherboard                   Protectli FW4B
  BIOS                          American Megatrends Inc. 5.11

CPU Information
  Name                          Intel Celeron J3160
  Topology                      1 Processor, 4 Cores
  Identifier                    GenuineIntel Family 6 Model 76 Stepping 4
  Base Frequency                2.24 GHz
  L1 Instruction Cache          32.0 KB x 4
  L1 Data Cache                 24.0 KB x 4
  L2 Cache                      1.00 MB
  Instruction Sets              sse2 sse3 pclmul sse41 aesni

Memory Information
  Size                          7.67 GB


Single-Core
  File Compression                276              39.6 MB/sec
  Navigation                      501          3.02 routes/sec
  HTML5 Browser                   270           5.53 pages/sec
  PDF Renderer                    362         8.36 Mpixels/sec
  Photo Library                    68          0.93 images/sec
```
## Disk Information 

### loop0

Size: loop

smartctl output: 
```
smartctl 7.4 2023-08-01 r5530 [x86_64-linux-6.6.63-1-lts] (local build)
Copyright (C) 2002-23, Bruce Allen, Christian Franke, www.smartmontools.org

/dev/loop0: Unable to detect device type
Please specify device type with the -d option.

Use smartctl -h to get a usage summary

```
### sda

Size: 119.2G

smartctl output: 
```
smartctl 7.4 2023-08-01 r5530 [x86_64-linux-6.6.63-1-lts] (local build)
Copyright (C) 2002-23, Bruce Allen, Christian Franke, www.smartmontools.org

=== START OF INFORMATION SECTION ===
Device Model:     BIWIN SSD
Serial Number:    1951027804057
Firmware Version: SHY04A0
User Capacity:    128,035,676,160 bytes [128 GB]
Sector Size:      512 bytes logical/physical
Rotation Rate:    Solid State Device
Form Factor:      mSATA
TRIM Command:     Available, deterministic, zeroed
Device is:        Not in smartctl database 7.3/5528
ATA Version is:   ACS-2 T13/2015-D revision 3
SATA Version is:  SATA 3.2, 6.0 Gb/s (current: 6.0 Gb/s)
Local Time is:    Mon Feb 24 11:18:33 2025 MST
SMART support is: Available - device has SMART capability.
SMART support is: Enabled

=== START OF READ SMART DATA SECTION ===
SMART overall-health self-assessment test result: PASSED

General SMART Values:
Offline data collection status:  (0x00)	Offline data collection activity
					was never started.
					Auto Offline Data Collection: Disabled.
Self-test execution status:      (   0)	The previous self-test routine completed
					without error or no self-test has ever 
					been run.
Total time to complete Offline 
data collection: 		(  120) seconds.
Offline data collection
capabilities: 			 (0x11) SMART execute Offline immediate.
					No Auto Offline data collection support.
					Suspend Offline collection upon new
					command.
					No Offline surface scan supported.
					Self-test supported.
					No Conveyance Self-test supported.
					No Selective Self-test supported.
SMART capabilities:            (0x0002)	Does not save SMART data before
					entering power-saving mode.
					Supports SMART auto save timer.
Error logging capability:        (0x01)	Error logging supported.
					General Purpose Logging supported.
Short self-test routine 
recommended polling time: 	 (   2) minutes.
Extended self-test routine
recommended polling time: 	 (  10) minutes.

SMART Attributes Data Structure revision number: 1
Vendor Specific SMART Attributes with Thresholds:
ID# ATTRIBUTE_NAME          FLAG     VALUE WORST THRESH TYPE      UPDATED  WHEN_FAILED RAW_VALUE
  1 Raw_Read_Error_Rate     0x0032   100   100   050    Old_age   Always       -       0
  5 Reallocated_Sector_Ct   0x0032   100   100   050    Old_age   Always       -       0
  9 Power_On_Hours          0x0032   100   100   050    Old_age   Always       -       19759
 12 Power_Cycle_Count       0x0032   100   100   050    Old_age   Always       -       36
160 Unknown_Attribute       0x0032   100   100   050    Old_age   Always       -       0
161 Unknown_Attribute       0x0033   100   100   050    Pre-fail  Always       -       100
163 Unknown_Attribute       0x0032   100   100   050    Old_age   Always       -       6
164 Unknown_Attribute       0x0032   100   100   050    Old_age   Always       -       1978393
165 Unknown_Attribute       0x0032   100   100   050    Old_age   Always       -       14365
166 Unknown_Attribute       0x0032   100   100   050    Old_age   Always       -       159
167 Unknown_Attribute       0x0032   100   100   050    Old_age   Always       -       1395
168 Unknown_Attribute       0x0032   100   100   050    Old_age   Always       -       5050
169 Unknown_Attribute       0x0032   100   100   050    Old_age   Always       -       73
175 Program_Fail_Count_Chip 0x0032   100   100   050    Old_age   Always       -       0
176 Erase_Fail_Count_Chip   0x0032   100   100   050    Old_age   Always       -       0
177 Wear_Leveling_Count     0x0032   100   100   050    Old_age   Always       -       0
178 Used_Rsvd_Blk_Cnt_Chip  0x0032   100   100   050    Old_age   Always       -       0
181 Program_Fail_Cnt_Total  0x0032   100   100   050    Old_age   Always       -       0
182 Erase_Fail_Count_Total  0x0032   100   100   050    Old_age   Always       -       0
192 Power-Off_Retract_Count 0x0032   100   100   050    Old_age   Always       -       22
194 Temperature_Celsius     0x0022   100   100   050    Old_age   Always       -       54
195 Hardware_ECC_Recovered  0x0032   100   100   050    Old_age   Always       -       0
196 Reallocated_Event_Count 0x0032   100   100   050    Old_age   Always       -       0
197 Current_Pending_Sector  0x0032   100   100   050    Old_age   Always       -       0
198 Offline_Uncorrectable   0x0032   100   100   050    Old_age   Always       -       0
199 UDMA_CRC_Error_Count    0x0032   100   100   050    Old_age   Always       -       0
232 Available_Reservd_Space 0x0032   100   100   050    Old_age   Always       -       100
241 Total_LBAs_Written      0x0030   100   100   050    Old_age   Offline      -       1380267
242 Total_LBAs_Read         0x0030   100   100   050    Old_age   Offline      -       139646
245 Unknown_Attribute       0x0032   100   100   050    Old_age   Always       -       1129203

SMART Error Log Version: 1
No Errors Logged

SMART Self-test log structure revision number 1
No self-tests have been logged.  [To run self-tests, use: smartctl -t]

Selective Self-tests/Logging not supported

The above only provides legacy SMART information - try 'smartctl -x' for more

```
## lspci

```
00:00.0 Host bridge: Intel Corporation Atom/Celeron/Pentium Processor x5-E8000/J3xxx/N3xxx Series SoC Transaction Register (rev 35)
00:02.0 VGA compatible controller: Intel Corporation Atom/Celeron/Pentium Processor x5-E8000/J3xxx/N3xxx Integrated Graphics Controller (rev 35)
00:13.0 SATA controller: Intel Corporation Atom/Celeron/Pentium Processor x5-E8000/J3xxx/N3xxx Series SATA Controller (rev 35)
00:14.0 USB controller: Intel Corporation Atom/Celeron/Pentium Processor x5-E8000/J3xxx/N3xxx Series USB xHCI Controller (rev 35)
00:1a.0 Encryption controller: Intel Corporation Atom/Celeron/Pentium Processor x5-E8000/J3xxx/N3xxx Series Trusted Execution Engine (rev 35)
00:1b.0 Audio device: Intel Corporation Atom/Celeron/Pentium Processor x5-E8000/J3xxx/N3xxx Series High Definition Audio Controller (rev 35)
00:1c.0 PCI bridge: Intel Corporation Atom/Celeron/Pentium Processor x5-E8000/J3xxx/N3xxx Series PCI Express Port #1 (rev 35)
00:1c.1 PCI bridge: Intel Corporation Atom/Celeron/Pentium Processor x5-E8000/J3xxx/N3xxx Series PCI Express Port #2 (rev 35)
00:1c.2 PCI bridge: Intel Corporation Atom/Celeron/Pentium Processor x5-E8000/J3xxx/N3xxx Series PCI Express Port #3 (rev 35)
00:1c.3 PCI bridge: Intel Corporation Atom/Celeron/Pentium Processor x5-E8000/J3xxx/N3xxx Series PCI Express Port #4 (rev 35)
00:1f.0 ISA bridge: Intel Corporation Atom/Celeron/Pentium Processor x5-E8000/J3xxx/N3xxx Series PCU (rev 35)
00:1f.3 SMBus: Intel Corporation Atom/Celeron/Pentium Processor x5-E8000/J3xxx/N3xxx SMBus Controller (rev 35)
01:00.0 Ethernet controller: Intel Corporation I210 Gigabit Network Connection (rev 03)
02:00.0 Ethernet controller: Intel Corporation I210 Gigabit Network Connection (rev 03)
03:00.0 Ethernet controller: Intel Corporation I210 Gigabit Network Connection (rev 03)
04:00.0 Ethernet controller: Intel Corporation I210 Gigabit Network Connection (rev 03)
```
## Memory Specific Information

```
Memory Device
	Array Handle: 0x0028
	Error Information Handle: Not Provided
	Total Width: 64 bits
	Data Width: 64 bits
	Size: 8 GB
	Form Factor: DIMM
	Set: None
	Locator: A1_DIMM0
	Bank Locator: A1_BANK0
	Type: DDR3
	Type Detail: Synchronous
	Speed: 1600 MT/s
	Manufacturer: Samsung         
	Serial Number: 12512B18  
	Asset Tag: A1_AssetTagNum0
	Part Number: M471B1G73QH0-YK0  
	Rank: 2
	Configured Memory Speed: 1066 MT/s
	Minimum Voltage: 1.35 V
	Maximum Voltage: 1.5 V
	Configured Voltage: 1.35 V
```
