# retsamarret 000-F4421-FBA001-1000

## System Information 

```
Host: 000-F4421-FBA001-1000
CPU: Intel(R) Celeron(R) J3455 (4) @ 2.30 GHz
GPU: Intel HD Graphics 500 @ 0.75 GHz [Integrated]
Memory: 11.54 GiB
```

## Geekbench 
```
Geekbench 6.4.0 Pro : https://www.geekbench.com/

System Information
  Operating System              SystemRescue 11.03
  Kernel                        Linux 6.6.63-1-lts x86_64
  Model                         retsamarret 000-F4421-FBA001-1000
  Motherboard                   GIFA INdustrial Control TM-J3455-4G3L
  BIOS                          American Megatrends Inc. MAPL0303V17

CPU Information
  Name                          Intel Celeron J3455
  Topology                      1 Processor, 4 Cores
  Identifier                    GenuineIntel Family 6 Model 92 Stepping 9
  Base Frequency                2.30 GHz
  L1 Instruction Cache          32.0 KB x 4
  L1 Data Cache                 24.0 KB x 4
  L2 Cache                      1.00 MB
  Instruction Sets              sse2 sse3 pclmul sse41 aesni shani

Memory Information
  Size                          11.5 GB


Single-Core
  File Compression                470              67.5 MB/sec
  Navigation                      627          3.78 routes/sec
  HTML5 Browser                   500           10.2 pages/sec
  PDF Renderer                    557         12.8 Mpixels/sec
  Photo Library                   129          1.75 images/sec
  Clang                           481          2.37 Klines/sec
  Text Processing                 497           39.8 pages/sec
  Asset Compression               491              15.2 MB/sec
  Object Detection                 31          0.94 images/sec
  Background Blur                 233          0.97 images/sec
  Horizon Detection               409         12.7 Mpixels/sec
  Object Remover                  237         18.2 Mpixels/sec
  HDR                             388         11.4 Mpixels/sec
  Photo Filter                    193          1.92 images/sec
  Ray Tracer                      374        361.9 Kpixels/sec
  Structure from Motion           180         5.69 Kpixels/sec

Multi-Core
  File Compression                999             143.4 MB/sec
  Navigation                     1938          11.7 routes/sec
  HTML5 Browser                  1658           33.9 pages/sec
  PDF Renderer                   1962         45.2 Mpixels/sec
  Photo Library                   485          6.58 images/sec
  Clang                          1525          7.51 Klines/sec
  Text Processing                 609           48.7 pages/sec
  Asset Compression              1820              56.4 MB/sec
  Object Detection                117          3.50 images/sec
  Background Blur                 766          3.17 images/sec
  Horizon Detection              1448         45.1 Mpixels/sec
  Object Remover                  828         63.7 Mpixels/sec
  HDR                            1285         37.7 Mpixels/sec
  Photo Filter                    606          6.02 images/sec
  Ray Tracer                     1428         1.38 Mpixels/sec
  Structure from Motion           660         20.9 Kpixels/sec

Benchmark Summary
  Single-Core Score              305
    Integer Score                  323
    Floating Point Score           273
  Multi-Core Score               946
    Integer Score                  946
    Floating Point Score           945

```
## Disk Information 

### loop0

Size: loop

smartctl output: 
```
smartctl 7.4 2023-08-01 r5530 [x86_64-linux-6.6.63-1-lts] (local build)
Copyright (C) 2002-23, Bruce Allen, Christian Franke, www.smartmontools.org

/dev/loop0: Unable to detect device type
Please specify device type with the -d option.

Use smartctl -h to get a usage summary

```
### sda

Size: 14.9G

smartctl output: 
```
smartctl 7.4 2023-08-01 r5530 [x86_64-linux-6.6.63-1-lts] (local build)
Copyright (C) 2002-23, Bruce Allen, Christian Franke, www.smartmontools.org

=== START OF INFORMATION SECTION ===
Device Model:     16GB SATA Flash Drive
Serial Number:    6204077610EF00581717
Firmware Version: SFPS921D
User Capacity:    16,013,942,784 bytes [16.0 GB]
Sector Size:      512 bytes logical/physical
Rotation Rate:    Solid State Device
Form Factor:      < 1.8 inches
TRIM Command:     Available
Device is:        Not in smartctl database 7.3/5528
ATA Version is:   ACS-3 (minor revision not indicated)
SATA Version is:  SATA 3.1, 6.0 Gb/s (current: 6.0 Gb/s)
Local Time is:    Fri Feb 21 15:05:52 2025 MST
SMART support is: Available - device has SMART capability.
SMART support is: Enabled

=== START OF READ SMART DATA SECTION ===
SMART overall-health self-assessment test result: PASSED

General SMART Values:
Offline data collection status:  (0x00)	Offline data collection activity
					was never started.
					Auto Offline Data Collection: Disabled.
Self-test execution status:      (   0)	The previous self-test routine completed
					without error or no self-test has ever 
					been run.
Total time to complete Offline 
data collection: 		(   30) seconds.
Offline data collection
capabilities: 			 (0x7b) SMART execute Offline immediate.
					Auto Offline data collection on/off support.
					Suspend Offline collection upon new
					command.
					Offline surface scan supported.
					Self-test supported.
					Conveyance Self-test supported.
					Selective Self-test supported.
SMART capabilities:            (0x0003)	Saves SMART data before entering
					power-saving mode.
					Supports SMART auto save timer.
Error logging capability:        (0x01)	Error logging supported.
					General Purpose Logging supported.
Short self-test routine 
recommended polling time: 	 (   1) minutes.
Extended self-test routine
recommended polling time: 	 (   2) minutes.
Conveyance self-test routine
recommended polling time: 	 (   2) minutes.

SMART Attributes Data Structure revision number: 16
Vendor Specific SMART Attributes with Thresholds:
ID# ATTRIBUTE_NAME          FLAG     VALUE WORST THRESH TYPE      UPDATED  WHEN_FAILED RAW_VALUE
  9 Power_On_Hours          0x0012   100   100   000    Old_age   Always       -       19425
 12 Power_Cycle_Count       0x0012   100   100   000    Old_age   Always       -       847
163 Unknown_Attribute       0x0000   100   100   000    Old_age   Offline      -       3468
164 Unknown_Attribute       0x0000   100   100   000    Old_age   Offline      -       845
166 Unknown_Attribute       0x0000   100   100   000    Old_age   Offline      -       0
167 Unknown_Attribute       0x0022   100   100   000    Old_age   Always       -       0
168 Unknown_Attribute       0x0012   100   100   000    Old_age   Always       -       0
175 Program_Fail_Count_Chip 0x0000   100   100   000    Old_age   Offline      -       0
192 Power-Off_Retract_Count 0x0012   100   100   000    Old_age   Always       -       763
194 Temperature_Celsius     0x0023   070   070   000    Pre-fail  Always       -       30
231 Unknown_SSD_Attribute   0x0013   100   100   000    Pre-fail  Always       -       72
241 Total_LBAs_Written      0x0012   100   100   000    Old_age   Always       -       4953346171

SMART Error Log Version: 1
No Errors Logged

SMART Self-test log structure revision number 1
No self-tests have been logged.  [To run self-tests, use: smartctl -t]

SMART Selective self-test log data structure revision number 0
Note: revision number not 1 implies that no selective self-test has ever been run
 SPAN  MIN_LBA  MAX_LBA  CURRENT_TEST_STATUS
    1        0        0  Not_testing
    2        0        0  Not_testing
    3        0        0  Not_testing
    4        0        0  Not_testing
    5        0        0  Not_testing
Selective self-test flags (0x0):
  After scanning selected spans, do NOT read-scan remainder of disk.
If Selective self-test is pending on power-up, resume after 0 minute delay.

The above only provides legacy SMART information - try 'smartctl -x' for more

```
## lspci

```
00:00.0 Host bridge: Intel Corporation Celeron N3350/Pentium N4200/Atom E3900 Series Host Bridge (rev 0b)
00:02.0 VGA compatible controller: Intel Corporation HD Graphics 500 (rev 0b)
00:0e.0 Audio device: Intel Corporation Celeron N3350/Pentium N4200/Atom E3900 Series Audio Cluster (rev 0b)
00:0f.0 Communication controller: Intel Corporation Celeron N3350/Pentium N4200/Atom E3900 Series Trusted Execution Engine (rev 0b)
00:12.0 SATA controller: Intel Corporation Celeron N3350/Pentium N4200/Atom E3900 Series SATA AHCI Controller (rev 0b)
00:13.0 PCI bridge: Intel Corporation Celeron N3350/Pentium N4200/Atom E3900 Series PCI Express Port A #1 (rev fb)
00:13.2 PCI bridge: Intel Corporation Celeron N3350/Pentium N4200/Atom E3900 Series PCI Express Port A #3 (rev fb)
00:14.0 PCI bridge: Intel Corporation Celeron N3350/Pentium N4200/Atom E3900 Series PCI Express Port B #1 (rev fb)
00:14.1 PCI bridge: Intel Corporation Celeron N3350/Pentium N4200/Atom E3900 Series PCI Express Port B #2 (rev fb)
00:15.0 USB controller: Intel Corporation Celeron N3350/Pentium N4200/Atom E3900 Series USB xHCI (rev 0b)
00:1a.0 Serial bus controller: Intel Corporation Celeron N3350/Pentium N4200/Atom E3900 Series PWM Pin Controller (rev 0b)
00:1f.0 ISA bridge: Intel Corporation Celeron N3350/Pentium N4200/Atom E3900 Series Low Pin Count Interface (rev 0b)
00:1f.1 SMBus: Intel Corporation Celeron N3350/Pentium N4200/Atom E3900 Series SMBus Controller (rev 0b)
02:00.0 Ethernet controller: Realtek Semiconductor Co., Ltd. RTL8111/8168/8211/8411 PCI Express Gigabit Ethernet Controller (rev 15)
03:00.0 SATA controller: ASMedia Technology Inc. ASM1061/ASM1062 Serial ATA Controller (rev 02)
04:00.0 SATA controller: ASMedia Technology Inc. ASM1061/ASM1062 Serial ATA Controller (rev 02)
```
## Memory Specific Information

```
Memory Device
	Array Handle: 0x0030
	Error Information Handle: Not Provided
	Total Width: 64 bits
	Data Width: 64 bits
	Size: 4 GB
	Form Factor: SODIMM
	Set: None
	Locator: ChannelA-DIMM0
	Bank Locator: BANK 0
	Type: DDR3
	Type Detail: Synchronous
	Speed: 1600 MT/s
	Manufacturer: Undefi
	Serial Number: 88000000
	Asset Tag: 9876543210
	Part Number:                /  
	Rank: Unknown
	Configured Memory Speed: 1600 MT/s
	Minimum Voltage: 44.975 V
	Maximum Voltage: 44.975 V
	Configured Voltage: 1.5 V
--
Memory Device
	Array Handle: 0x0030
	Error Information Handle: Not Provided
	Total Width: 64 bits
	Data Width: 64 bits
	Size: 8 GB
	Form Factor: SODIMM
	Set: None
	Locator: ChannelB-DIMM0
	Bank Locator: BANK 1
	Type: DDR3
	Type Detail: Synchronous
	Speed: 1600 MT/s
	Manufacturer: Unde
	Serial Number: 01048E66
	Asset Tag: 9876543210
	Part Number: TEAMGROUP-SD3-1600
	Rank: Unknown
	Configured Memory Speed: 1600 MT/s
	Minimum Voltage: 1.35 V
	Maximum Voltage: 1.5 V
	Configured Voltage: 1.5 V
--
Memory Device
	Array Handle: 0x0030
	Error Information Handle: Not Provided
	Total Width: Unknown
	Data Width: Unknown
	Size: No Module Installed
	Form Factor: DIMM
	Set: None
	Locator: ChannelC-DIMM0
	Bank Locator: BANK 2
	Type: Unknown
	Type Detail: None

Handle 0x0034, DMI type 17, 40 bytes
Memory Device
	Array Handle: 0x0030
	Error Information Handle: Not Provided
	Total Width: Unknown
	Data Width: Unknown
	Size: No Module Installed
	Form Factor: DIMM
	Set: None
	Locator: ChannelD-DIMM0
	Bank Locator: BANK 3
	Type: Unknown
	Type Detail: None

Handle 0x0035, DMI type 19, 31 bytes
Memory Array Mapped Address
	Starting Address: 0x00000000000
	Ending Address: 0x002FFFFFFFF
	Range Size: 12 GB
	Physical Array Handle: 0x0030
	Partition Width: 2

Handle 0x0036, DMI type 7, 19 bytes
```
