# Supermicro X10SBA-L

## System Information 

```
                  -`
                 .o+`
                `ooo/
               `+oooo:
              `+oooooo:
              -+oooooo+:
            `/:-:++oooo+:
           `/++++/+++++++:
          `/++++++++++++++:
         `/+++ooooooooooooo/`
        ./ooosssso++osssssso+`
       .oossssso-````/ossssss+`
      -osssssso.      :ssssssso.
     :osssssss/        osssso+++.
    /ossssssss/        +ssssooo/-
  `/ossssso+/:-        -:/+osssso+-
 `+sso+:-`                 `.-/+oso:
`++:.                           `-/+/
.`                                 `/[1G[18A[41Croot@sysrescue
[41C--------------
[41COS: SystemRescue 11.03 x86_64
[41CHost: X10SBA-L (0123456789)
[41CKernel: Linux 6.6.63-1-lts
[41CUptime: 18 mins
[41CPackages: 814 (pacman)
[41CShell: bash 5.2.37
[41CDisplay ( FHD HDR ): 1920x1080 @ 60 Hz in 15" [External]
[41CCursor: Adwaita
[41CTerminal: screen
[41CCPU: Intel(R) Celeron(R) J1900 (4) @ 2.42 GHz
[41CGPU: Intel Atom Processor Z36xxx/Z37xxx Series Graphics & Display @ 0.85 GHz [Integrated]
[41CMemory: 385.73 MiB / 3.71 GiB (10%)
[41CSwap: Disabled
[41CDisk (/): 868.91 MiB / 14.66 GiB (6%) - overlay
[41CDisk (/run/archiso/bootmnt): 946.84 MiB / 14.70 GiB (6%) - vfat [External, Read-only]
[41CDisk (/run/archiso/cowspace): 868.91 MiB / 14.66 GiB (6%) - xfs [External]
[41CLocal IP (eth0): 10.200.54.195/24
[41CLocale: en_US.UTF-8
[41C
[41C[40m   [41m   [42m   [43m   [44m   [45m   [46m   [47m   [m
[41C[5m[100m   [101m   [102m   [103m   [104m   [105m   [106m   [107m   [m
```

## Geekbench 
```
Geekbench 6.4.0 Pro : https://www.geekbench.com/

System Information
  Operating System              SystemRescue 11.03
  Kernel                        Linux 6.6.63-1-lts x86_64
  Model                         Supermicro X10SBA-L
  Motherboard                   Supermicro X10SBA-L
  BIOS                          American Megatrends Inc. 1.0c

CPU Information
  Name                          Intel Celeron J1900
  Topology                      1 Processor, 4 Cores
  Identifier                    GenuineIntel Family 6 Model 55 Stepping 8
  Base Frequency                2.42 GHz
  L1 Instruction Cache          32.0 KB x 4
  L1 Data Cache                 24.0 KB x 4
  L2 Cache                      1.00 MB
  Instruction Sets              sse2 sse3 pclmul sse41

Memory Information
  Size                          3.71 GB


Single-Core
  File Compression                291              41.8 MB/sec
  Navigation                      604          3.64 routes/sec
  HTML5 Browser                   290           5.93 pages/sec
  PDF Renderer                    394         9.08 Mpixels/sec
  Photo Library                    74          1.00 images/sec
  Clang                           353          1.74 Klines/sec
  Text Processing                 263           21.0 pages/sec
  Asset Compression               312              9.68 MB/sec
  Object Detection                 18          0.52 images/sec
  Background Blur                 111          0.46 images/sec
  Horizon Detection               253         7.88 Mpixels/sec
  Object Remover                  207         15.9 Mpixels/sec
  HDR                             224         6.57 Mpixels/sec
  Photo Filter                    109          1.08 images/sec
  Ray Tracer                      250        241.9 Kpixels/sec
  Structure from Motion            94         2.97 Kpixels/sec

Multi-Core
  File Compression                471              67.6 MB/sec
  Navigation                     1502          9.05 routes/sec
  HTML5 Browser                   864           17.7 pages/sec
  PDF Renderer                   1366         31.5 Mpixels/sec
  Photo Library                   289          3.92 images/sec
  Clang                          1247          6.14 Klines/sec
  Text Processing                 249           19.9 pages/sec
  Asset Compression              1194              37.0 MB/sec
  Object Detection                 68          2.02 images/sec
  Background Blur                 391          1.62 images/sec
  Horizon Detection               918         28.6 Mpixels/sec
  Object Remover                  657         50.5 Mpixels/sec
  HDR                             760         22.3 Mpixels/sec
  Photo Filter                    345          3.42 images/sec
  Ray Tracer                     1000        968.0 Kpixels/sec
  Structure from Motion           361         11.4 Kpixels/sec

Benchmark Summary
  Single-Core Score              192
    Integer Score                  209
    Floating Point Score           165
  Multi-Core Score               572
    Integer Score                  567
    Floating Point Score           581

```
## Disk Information 

### loop0

Size: loop

smartctl output: 
```
smartctl 7.4 2023-08-01 r5530 [x86_64-linux-6.6.63-1-lts] (local build)
Copyright (C) 2002-23, Bruce Allen, Christian Franke, www.smartmontools.org

/dev/loop0: Unable to detect device type
Please specify device type with the -d option.

Use smartctl -h to get a usage summary

```
### sda

Size: 119.2G

smartctl output: 
```
smartctl 7.4 2023-08-01 r5530 [x86_64-linux-6.6.63-1-lts] (local build)
Copyright (C) 2002-23, Bruce Allen, Christian Franke, www.smartmontools.org

=== START OF INFORMATION SECTION ===
Model Family:     Samsung based SSDs
Device Model:     SAMSUNG SSD PM871 2.5 7mm 128GB
Serial Number:    S1ZUNXAG775402
LU WWN Device Id: 5 002538 d4033952e
Firmware Version: EMT02D0Q
User Capacity:    128,035,676,160 bytes [128 GB]
Sector Size:      512 bytes logical/physical
Rotation Rate:    Solid State Device
Form Factor:      2.5 inches
TRIM Command:     Available
Device is:        In smartctl database 7.3/5528
ATA Version is:   ACS-2, ATA8-ACS T13/1699-D revision 4c
SATA Version is:  SATA 3.1, 6.0 Gb/s (current: 3.0 Gb/s)
Local Time is:    Sat Mar 22 11:38:41 2025 MDT
SMART support is: Available - device has SMART capability.
SMART support is: Enabled

=== START OF READ SMART DATA SECTION ===
SMART overall-health self-assessment test result: PASSED

General SMART Values:
Offline data collection status:  (0x00)	Offline data collection activity
					was never started.
					Auto Offline Data Collection: Disabled.
Self-test execution status:      (   0)	The previous self-test routine completed
					without error or no self-test has ever 
					been run.
Total time to complete Offline 
data collection: 		(    0) seconds.
Offline data collection
capabilities: 			 (0x53) SMART execute Offline immediate.
					Auto Offline data collection on/off support.
					Suspend Offline collection upon new
					command.
					No Offline surface scan supported.
					Self-test supported.
					No Conveyance Self-test supported.
					Selective Self-test supported.
SMART capabilities:            (0x0003)	Saves SMART data before entering
					power-saving mode.
					Supports SMART auto save timer.
Error logging capability:        (0x01)	Error logging supported.
					General Purpose Logging supported.
Short self-test routine 
recommended polling time: 	 (   2) minutes.
Extended self-test routine
recommended polling time: 	 (  64) minutes.
SCT capabilities: 	       (0x003d)	SCT Status supported.
					SCT Error Recovery Control supported.
					SCT Feature Control supported.
					SCT Data Table supported.

SMART Attributes Data Structure revision number: 1
Vendor Specific SMART Attributes with Thresholds:
ID# ATTRIBUTE_NAME          FLAG     VALUE WORST THRESH TYPE      UPDATED  WHEN_FAILED RAW_VALUE
  5 Reallocated_Sector_Ct   0x0033   100   100   010    Pre-fail  Always       -       0
 12 Power_Cycle_Count       0x0033   098   098   000    Pre-fail  Always       -       1334
175 Program_Fail_Count_Chip 0x0033   100   100   010    Pre-fail  Always       -       0
176 Erase_Fail_Count_Chip   0x0033   100   100   010    Pre-fail  Always       -       0
177 Wear_Leveling_Count     0x0013   095   095   005    Pre-fail  Always       -       100
178 Used_Rsvd_Blk_Cnt_Chip  0x0013   100   100   010    Pre-fail  Always       -       0
179 Used_Rsvd_Blk_Cnt_Tot   0x0013   100   100   010    Pre-fail  Always       -       0
180 Unused_Rsvd_Blk_Cnt_Tot 0x0013   100   100   010    Pre-fail  Always       -       377
181 Program_Fail_Cnt_Total  0x0033   100   100   010    Pre-fail  Always       -       0
182 Erase_Fail_Count_Total  0x0033   100   100   010    Pre-fail  Always       -       0
187 Uncorrectable_Error_Cnt 0x0033   100   100   000    Pre-fail  Always       -       0
195 ECC_Error_Rate          0x001b   200   200   000    Pre-fail  Always       -       0
241 Total_LBAs_Written      0x0033   099   099   000    Pre-fail  Always       -       11372479396
242 Total_LBAs_Read         0x0033   099   099   000    Pre-fail  Always       -       14153933363

SMART Error Log Version: 1
No Errors Logged

SMART Self-test log structure revision number 1
No self-tests have been logged.  [To run self-tests, use: smartctl -t]

Warning! SMART Selective Self-Test Log Structure error: invalid SMART checksum.
SMART Selective self-test log data structure revision number 1
 SPAN  MIN_LBA  MAX_LBA  CURRENT_TEST_STATUS
    1        0        0  Not_testing
    2        0        0  Not_testing
    3        0        0  Not_testing
    4        0        0  Not_testing
    5        0        0  Not_testing
  255        0    65535  Read_scanning was never started
Selective self-test flags (0x0):
  After scanning selected spans, do NOT read-scan remainder of disk.
If Selective self-test is pending on power-up, resume after 0 minute delay.

The above only provides legacy SMART information - try 'smartctl -x' for more

```
## lspci

```
00:00.0 Host bridge: Intel Corporation Atom Processor Z36xxx/Z37xxx Series SoC Transaction Register (rev 0e)
00:02.0 VGA compatible controller: Intel Corporation Atom Processor Z36xxx/Z37xxx Series Graphics & Display (rev 0e)
00:13.0 SATA controller: Intel Corporation Atom Processor E3800 Series SATA AHCI Controller (rev 0e)
00:1a.0 Encryption controller: Intel Corporation Atom Processor Z36xxx/Z37xxx Series Trusted Execution Engine (rev 0e)
00:1b.0 Audio device: Intel Corporation Atom Processor Z36xxx/Z37xxx Series High Definition Audio Controller (rev 0e)
00:1c.0 PCI bridge: Intel Corporation Atom Processor E3800 Series PCI Express Root Port 1 (rev 0e)
00:1c.2 PCI bridge: Intel Corporation Atom Processor E3800 Series PCI Express Root Port 3 (rev 0e)
00:1c.3 PCI bridge: Intel Corporation Atom Processor E3800 Series PCI Express Root Port 4 (rev 0e)
00:1d.0 USB controller: Intel Corporation Atom Processor Z36xxx/Z37xxx Series USB EHCI (rev 0e)
00:1f.0 ISA bridge: Intel Corporation Atom Processor Z36xxx/Z37xxx Series Power Control Unit (rev 0e)
00:1f.3 SMBus: Intel Corporation Atom Processor E3800/CE2700 Series SMBus Controller (rev 0e)
02:00.0 Ethernet controller: Intel Corporation I210 Gigabit Network Connection (rev 03)
03:00.0 Ethernet controller: Intel Corporation I210 Gigabit Network Connection (rev 03)
```
## Memory Specific Information

```
Memory Device
	Array Handle: 0x0024
	Error Information Handle: No Error
	Total Width: 64 bits
	Data Width: 64 bits
	Size: 4 GB
	Form Factor: DIMM
	Set: None
	Locator: SODIMM1
	Bank Locator: P0_Node0_Channel0_Dimm0
	Type: DDR3
	Type Detail: Unknown
	Speed: 1333 MT/s
	Manufacturer: Micron          
	Serial Number: 110D7B1E  
	Asset Tag: A1_AssetTagNum0
	Part Number: 8KTF51264HZ-1G6N1 
	Rank: 1
	Configured Memory Speed: 1333 MT/s

Handle 0x0028, DMI type 18, 23 bytes
32-bit Memory Error Information
--
Memory Device
	Array Handle: 0x0024
	Error Information Handle: No Error
	Total Width: Unknown
	Data Width: 64 bits
	Size: No Module Installed
	Form Factor: DIMM
	Set: None
	Locator: SODIMM2
	Bank Locator: P0_Node0_Channel0_Dimm1
	Type: Unknown
	Type Detail: Unknown

Handle 0x002B, DMI type 18, 23 bytes
32-bit Memory Error Information
	Type: OK
	Granularity: Unknown
	Operation: Unknown
	Vendor Syndrome: Unknown
	Memory Array Address: Unknown
	Device Address: Unknown
	Resolution: Unknown
```
