# youyeetoo X1 SBC

## System Information 

```
Geekbench 6.3.0 Pro : https://www.geekbench.com/

System Information
  Operating System              Debian GNU/Linux 12 (bookworm)
  Kernel                        Linux 6.1.0-30-amd64 x86_64
  Model                         youyeetoo X1 SBC
  Motherboard                   youyeetoo X1
  BIOS                          American Megatrends International, LLC. 
Y_FIVE_NO_MIPI_01003

CPU Information
  Name                          Intel Celeron N5105
  Topology                      1 Processor, 4 Cores
  Identifier                    GenuineIntel Family 6 Model 156 Stepping 0
  Base Frequency                2.90 GHz
  L1 Instruction Cache          32.0 KB x 4
  L1 Data Cache                 32.0 KB x 4
  L2 Cache                      1.50 MB
  L3 Cache                      4.00 MB

Memory Information
  Size                          7.60 GB

```

## Geekbench 
```
Single-Core
  File Compression                995             142.9 MB/sec
  Navigation                     1120          6.75 routes/sec
  HTML5 Browser                   962           19.7 pages/sec
  PDF Renderer                    934         21.5 Mpixels/sec
  Photo Library                   204          2.77 images/sec
  Clang                          1118          5.51 Klines/sec
  Text Processing                1089           87.2 pages/sec
  Asset Compression               792              24.6 MB/sec
  Object Detection                 50          1.48 images/sec
  Background Blur                 414          1.71 images/sec
  Horizon Detection               638         19.8 Mpixels/sec
  Object Remover                  639         49.1 Mpixels/sec
  HDR                             663         19.5 Mpixels/sec
  Photo Filter                    286          2.84 images/sec
  Ray Tracer                      631        610.8 Kpixels/sec
  Structure from Motion           290         9.18 Kpixels/sec

Multi-Core
  File Compression               1505             216.1 MB/sec
  Navigation                     2964          17.9 routes/sec
  HTML5 Browser                  2737           56.0 pages/sec
  PDF Renderer                   3191         73.6 Mpixels/sec
  Photo Library                   763          10.4 images/sec
  Clang                          3490          17.2 Klines/sec
  Text Processing                1355          108.5 pages/sec
  Asset Compression              2955              91.6 MB/sec
  Object Detection                184          5.52 images/sec
  Background Blur                1216          5.03 images/sec
  Horizon Detection              2159         67.2 Mpixels/sec
  Object Remover                 2000        153.7 Mpixels/sec
  HDR                            2085         61.2 Mpixels/sec
  Photo Filter                    945          9.38 images/sec
  Ray Tracer                     2438         2.36 Mpixels/sec
  Structure from Motion          1059         33.5 Kpixels/sec

Benchmark Summary
  Single-Core Score              554
    Integer Score                  598
    Floating Point Score           480
  Multi-Core Score              1612
    Integer Score                 1619
    Floating Point Score          1599

```
## Disk Information 

### mmcblk1
Size: disk
Type: eMMC
### nvme0n1
Size: 476.9G
smartctl output: 
```
smartctl 7.3 2022-02-28 r5338 [x86_64-linux-6.1.0-30-amd64] (local build)
Copyright (C) 2002-22, Bruce Allen, Christian Franke, www.smartmontools.org

=== START OF INFORMATION SECTION ===
Model Number:                       SPCC M.2 PCIe SSD
Serial Number:                      288E0703155301296107
Firmware Version:                   ECFM22.6
PCI Vendor/Subsystem ID:            0x1987
IEEE OUI Identifier:                0x6479a7
Total NVM Capacity:                 512,110,190,592 [512 GB]
Unallocated NVM Capacity:           0
Controller ID:                      1
NVMe Version:                       1.3
Number of Namespaces:               1
Namespace 1 Size/Capacity:          512,110,190,592 [512 GB]
Namespace 1 Formatted LBA Size:     512
Namespace 1 IEEE EUI-64:            6479a7 328301776c
Local Time is:                      Wed Feb  5 22:55:09 2025 MST
Firmware Updates (0x12):            1 Slot, no Reset required
Optional Admin Commands (0x0017):   Security Format Frmw_DL Self_Test
Optional NVM Commands (0x005d):     Comp DS_Mngmt Wr_Zero Sav/Sel_Feat Timestmp
Log Page Attributes (0x08):         Telmtry_Lg
Maximum Data Transfer Size:         512 Pages
Warning  Comp. Temp. Threshold:     75 Celsius
Critical Comp. Temp. Threshold:     80 Celsius

Supported Power States
St Op     Max   Active     Idle   RL RT WL WT  Ent_Lat  Ex_Lat
 0 +     5.55W       -        -    0  0  0  0        0       0
 1 +     4.49W       -        -    1  1  1  1        0       0
 2 +     3.97W       -        -    2  2  2  2        0       0
 3 -   0.0490W       -        -    3  3  3  3     2000    2000
 4 -   0.0018W       -        -    4  4  4  4    25000   25000

Supported LBA Sizes (NSID 0x1)
Id Fmt  Data  Metadt  Rel_Perf
 0 +     512       0         2
 1 -    4096       0         1

=== START OF SMART DATA SECTION ===
SMART overall-health self-assessment test result: PASSED

SMART/Health Information (NVMe Log 0x02)
Critical Warning:                   0x00
Temperature:                        38 Celsius
Available Spare:                    100%
Available Spare Threshold:          5%
Percentage Used:                    17%
Data Units Read:                    10,839,090 [5.54 TB]
Data Units Written:                 12,791,850 [6.54 TB]
Host Read Commands:                 34,958,085
Host Write Commands:                263,958,558
Controller Busy Time:               1,921
Power Cycles:                       427
Power On Hours:                     8,918
Unsafe Shutdowns:                   282
Media and Data Integrity Errors:    0
Error Information Log Entries:      117
Warning  Comp. Temperature Time:    0
Critical Comp. Temperature Time:    0
Thermal Temp. 1 Transition Count:   2
Thermal Temp. 2 Transition Count:   1
Thermal Temp. 1 Total Time:         728
Thermal Temp. 2 Total Time:         297

Error Information (NVMe Log 0x01, 16 of 63 entries)
Num   ErrCount  SQId   CmdId  Status  PELoc          LBA  NSID    VS
  0        117     0  0x0002  0x4004  0x028            0     0     -

```
### mmcblk1boot0
Size: disk
Type: eMMC
### mmcblk1boot1
Size: disk
Type: eMMC
