# GMKtec NucBox5
[Amazon](https://www.amazon.com/gp/product/B0B75PT2RY/ref=ppx_yo_dt_b_search_asin_title?ie=UTF8&th=1)

## System Information 

```
Geekbench 6.3.0 Pro : https://www.geekbench.com/

System Information
  Operating System              Debian GNU/Linux 12 (bookworm)
  Kernel                        Linux 6.1.0-30-amd64 x86_64
  Model                         GMKtec NucBox5
  Motherboard                   GMKtec GMKtec
  BIOS                          American Megatrends International, LLC. 
KB05_GMKTEC_1_02_AUTO001

CPU Information
  Name                          Intel Celeron N5105
  Topology                      1 Processor, 4 Cores
  Identifier                    GenuineIntel Family 6 Model 156 Stepping 0
  Base Frequency                2.90 GHz
  L1 Instruction Cache          32.0 KB x 4
  L1 Data Cache                 32.0 KB x 4
  L2 Cache                      1.50 MB
  L3 Cache                      4.00 MB

Memory Information
  Size                          7.54 GB

```

## Geekbench 
```
Single-Core
  File Compression               1013             145.4 MB/sec
  Navigation                     1135          6.84 routes/sec
  HTML5 Browser                   963           19.7 pages/sec
  PDF Renderer                    935         21.6 Mpixels/sec
  Photo Library                   204          2.77 images/sec
  Clang                          1117          5.50 Klines/sec
  Text Processing                1090           87.3 pages/sec
  Asset Compression               791              24.5 MB/sec
  Object Detection                 50          1.48 images/sec
  Background Blur                 415          1.72 images/sec
  Horizon Detection               640         19.9 Mpixels/sec
  Object Remover                  646         49.7 Mpixels/sec
  HDR                             664         19.5 Mpixels/sec
  Photo Filter                    287          2.85 images/sec
  Ray Tracer                      632        611.4 Kpixels/sec
  Structure from Motion           289         9.15 Kpixels/sec

Multi-Core
  File Compression               1545             221.8 MB/sec
  Navigation                     2937          17.7 routes/sec
  HTML5 Browser                  2793           57.2 pages/sec
  PDF Renderer                   3195         73.7 Mpixels/sec
  Photo Library                   733          9.94 images/sec
  Clang                          3443          17.0 Klines/sec
  Text Processing                1356          108.6 pages/sec
  Asset Compression              2914              90.3 MB/sec
  Object Detection                175          5.24 images/sec
  Background Blur                1153          4.77 images/sec
  Horizon Detection              2149         66.9 Mpixels/sec
  Object Remover                 2013        154.8 Mpixels/sec
  HDR                            2066         60.6 Mpixels/sec
  Photo Filter                    830          8.24 images/sec
  Ray Tracer                     2448         2.37 Mpixels/sec
  Structure from Motion          1027         32.5 Kpixels/sec

Benchmark Summary
  Single-Core Score              556
    Integer Score                  601
    Floating Point Score           481
  Multi-Core Score              1586
    Integer Score                 1605
    Floating Point Score          1550

```
## Disk Information 

### sda
Size: 238.5G
smartctl output: 
```
smartctl 7.3 2022-02-28 r5338 [x86_64-linux-6.1.0-30-amd64] (local build)
Copyright (C) 2002-22, Bruce Allen, Christian Franke, www.smartmontools.org

=== START OF INFORMATION SECTION ===
Device Model:     MST1000-256
Serial Number:    M242A00000165
Firmware Version: S1022A0
User Capacity:    256,060,514,304 bytes [256 GB]
Sector Size:      512 bytes logical/physical
Rotation Rate:    Solid State Device
Form Factor:      M.2
TRIM Command:     Available, deterministic, zeroed
Device is:        Not in smartctl database 7.3/5319
ATA Version is:   ACS-2 T13/2015-D revision 3
SATA Version is:  SATA 3.2, 6.0 Gb/s (current: 6.0 Gb/s)
Local Time is:    Wed Feb  5 21:30:11 2025 MST
SMART support is: Available - device has SMART capability.
SMART support is: Enabled

=== START OF READ SMART DATA SECTION ===
SMART overall-health self-assessment test result: PASSED

General SMART Values:
Offline data collection status:  (0x00)	Offline data collection activity
					was never started.
					Auto Offline Data Collection: Disabled.
Self-test execution status:      (   0)	The previous self-test routine completed
					without error or no self-test has ever 
					been run.
Total time to complete Offline 
data collection: 		(  120) seconds.
Offline data collection
capabilities: 			 (0x11) SMART execute Offline immediate.
					No Auto Offline data collection support.
					Suspend Offline collection upon new
					command.
					No Offline surface scan supported.
					Self-test supported.
					No Conveyance Self-test supported.
					No Selective Self-test supported.
SMART capabilities:            (0x0002)	Does not save SMART data before
					entering power-saving mode.
					Supports SMART auto save timer.
Error logging capability:        (0x01)	Error logging supported.
					General Purpose Logging supported.
Short self-test routine 
recommended polling time: 	 (   2) minutes.
Extended self-test routine
recommended polling time: 	 (  10) minutes.

SMART Attributes Data Structure revision number: 1
Vendor Specific SMART Attributes with Thresholds:
ID# ATTRIBUTE_NAME          FLAG     VALUE WORST THRESH TYPE      UPDATED  WHEN_FAILED RAW_VALUE
  1 Raw_Read_Error_Rate     0x0032   100   100   050    Old_age   Always       -       0
  5 Reallocated_Sector_Ct   0x0032   100   100   050    Old_age   Always       -       0
  9 Power_On_Hours          0x0032   100   100   050    Old_age   Always       -       9
 12 Power_Cycle_Count       0x0032   100   100   050    Old_age   Always       -       269
160 Unknown_Attribute       0x0032   100   100   050    Old_age   Always       -       0
161 Unknown_Attribute       0x0033   100   100   050    Pre-fail  Always       -       100
163 Unknown_Attribute       0x0032   100   100   050    Old_age   Always       -       11
164 Unknown_Attribute       0x0032   100   100   050    Old_age   Always       -       1097
165 Unknown_Attribute       0x0032   100   100   050    Old_age   Always       -       3
166 Unknown_Attribute       0x0032   100   100   050    Old_age   Always       -       1
167 Unknown_Attribute       0x0032   100   100   050    Old_age   Always       -       2
168 Unknown_Attribute       0x0032   100   100   050    Old_age   Always       -       7000
169 Unknown_Attribute       0x0032   100   100   050    Old_age   Always       -       100
175 Program_Fail_Count_Chip 0x0032   100   100   050    Old_age   Always       -       0
176 Erase_Fail_Count_Chip   0x0032   100   100   050    Old_age   Always       -       0
177 Wear_Leveling_Count     0x0032   100   100   050    Old_age   Always       -       0
178 Used_Rsvd_Blk_Cnt_Chip  0x0032   100   100   050    Old_age   Always       -       0
181 Program_Fail_Cnt_Total  0x0032   100   100   050    Old_age   Always       -       0
182 Erase_Fail_Count_Total  0x0032   100   100   050    Old_age   Always       -       0
192 Power-Off_Retract_Count 0x0032   100   100   050    Old_age   Always       -       184
194 Temperature_Celsius     0x0022   100   100   050    Old_age   Always       -       40
195 Hardware_ECC_Recovered  0x0032   100   100   050    Old_age   Always       -       0
196 Reallocated_Event_Count 0x0032   100   100   050    Old_age   Always       -       0
197 Current_Pending_Sector  0x0032   100   100   050    Old_age   Always       -       0
198 Offline_Uncorrectable   0x0032   100   100   050    Old_age   Always       -       0
199 UDMA_CRC_Error_Count    0x0032   100   100   050    Old_age   Always       -       0
232 Available_Reservd_Space 0x0032   100   100   050    Old_age   Always       -       100
241 Total_LBAs_Written      0x0030   100   100   050    Old_age   Offline      -       6433
242 Total_LBAs_Read         0x0030   100   100   050    Old_age   Offline      -       8457
245 Unknown_Attribute       0x0032   100   100   050    Old_age   Always       -       0

SMART Error Log Version: 1
Warning: ATA error count 0 inconsistent with error log pointer 1

ATA Error Count: 0
	CR = Command Register [HEX]
	FR = Features Register [HEX]
	SC = Sector Count Register [HEX]
	SN = Sector Number Register [HEX]
	CL = Cylinder Low Register [HEX]
	CH = Cylinder High Register [HEX]
	DH = Device/Head Register [HEX]
	DC = Device Command Register [HEX]
	ER = Error register [HEX]
	ST = Status register [HEX]
Powered_Up_Time is measured from power on, and printed as
DDd+hh:mm:SS.sss where DD=days, hh=hours, mm=minutes,
SS=sec, and sss=millisec. It "wraps" after 49.710 days.

Error -4 occurred at disk power-on lifetime: 0 hours (0 days + 0 hours)
  When the command that caused the error occurred, the device was active or idle.

  After command completion occurred, registers were:
  ER ST SC SN CL CH DH
  -- -- -- -- -- -- --
  00 00 00 00 00 00 00

  Commands leading to the command that caused the error were:
  CR FR SC SN CL CH DH DC   Powered_Up_Time  Command/Feature_Name
  -- -- -- -- -- -- -- --  ----------------  --------------------
  b0 d0 01 00 4f c2 00 08      00:00:00.000  SMART READ DATA
  b0 d1 01 01 4f c2 00 08      00:00:00.000  SMART READ ATTRIBUTE THRESHOLDS [OBS-4]
  b0 da 00 00 4f c2 00 08      00:00:00.000  SMART RETURN STATUS
  b0 d5 01 00 4f c2 00 08      00:00:00.000  SMART READ LOG
  b0 d5 01 01 4f c2 00 08      00:00:00.000  SMART READ LOG

SMART Self-test log structure revision number 1
Num  Test_Description    Status                  Remaining  LifeTime(hours)  LBA_of_first_error
# 1  Extended offline    Completed without error       00%         6         -
# 2  Short offline       Completed without error       00%         6         -

Selective Self-tests/Logging not supported

```
